[
  {
    "source": "blind",
    "severity": "warning",
    "category": "cross-file-invariant",
    "title": "input_parity_draw and input_parity_draw_wide diverge at every tick despite identical seed and tick count",
    "location": "goldens/input_parity_draw.t1:7-18, goldens/input_parity_draw_wide.t1:7-18",
    "evidence": "goldens/input_parity_draw.t1: ' seed 42', '+1 763eb2a9e0d0a992', '+12 6ced3e0c02345e7f'; goldens/input_parity_draw_wide.t1: ' seed 42', '+1 b6a68fe8f0f7d50c', '+12 1cc0540f4786a345'",
    "detail": "Names imply same draw scenario under narrow vs wide input encodings, yet all 12 tick hashes differ (pre-existing, carried over). If parity means identical state, these goldens contradict that invariant.",
    "recommended_fix": "Confirm the two demos intentionally hash distinct input streams. If they must produce identical state, the simulation is wrong, not the goldens — investigate before merging."
  },
  {
    "source": "blind",
    "severity": "note",
    "category": "verification-gap",
    "title": "Tick-1 hashes changed in all eight demos although seeds and tick counts are unchanged context",
    "location": "goldens/win.t1:7, goldens/draw.t1:7, goldens/flow.t1:7 (all 8 hunks)",
    "evidence": "goldens/win.t1: ' seed 42' with '-1 e76799a54d104997' -> '+1 e6f02ed8078fb297'; goldens/draw.t1: '-1 4f0a0ff877fea9b6' -> '+1 7cf4ae4a3ce8aab6'; goldens/flow.t1: '-1 dfa7fcdca0385264' -> '+1 df30920f5ab7bb64'",
    "detail": "Only catalog_hash changed as a header input. For a terminal-types change, tick-1 divergence implies catalog identity is mixed into every tick hash, hiding where dynamics actually diverge.",
    "recommended_fix": "Verify tick-1 divergence is intended salt, not an unintended early-simulation behavior change; consider excluding catalog identity from per-tick state hashes."
  }
]
