[
  {
    "source": "codebase",
    "severity": "warning",
    "category": "memory-ownership",
    "title": "test_role_absent_demand_inert double-frees the trimmed Demand_Entry array (runtime-flagged bad free)",
    "location": "core/demand_test.odin:530",
    "evidence": "core/demand_test.odin:529-538:\n\ttrimmed := make([dynamic]Demand_Entry, 0, 4, context.allocator)\n\tdefer delete(trimmed)\n\t...\n\tdelete(e3.entries)\n\te3.entries = trimmed\n\ncore/catalog.odin:981-983 (catalogs_destroy):\n\tfor i in 0..<len(cat.demand.eras) {\n\t\tdelete(cat.demand.eras[i].entries)\nRuntime proof (`odin test core` at this head, tracker output):\n\t[WARN ] ... :: core.test_role_absent_demand_inert\n\t        +++ bad free        @ 0xD3A001478 [catalog.odin:982:catalogs_destroy()]",
    "detail": "Ownership of `trimmed` transfers to cat2.demand.eras[2].entries at line 538, but the LIFO `defer delete(trimmed)` fires first, then catalogs_destroy(cat2) frees the same array — a heap double free the test tracker flags as bad free.",
    "recommended_fix": "Delete the `defer delete(trimmed)` line — catalogs_destroy(cat2) owns and frees the array after the ownership transfer."
  },
  {
    "source": "codebase",
    "severity": "warning",
    "category": "coverage-gap",
    "title": "W9's documented per-role floor (\"CAMPUS half must land fully\") is not actually pinned — only campus_window_spawns > 0",
    "location": "core/demand_test.odin:728",
    "evidence": "core/demand_test.odin:578-579 (test comment): \"The honest floor is per-role: the CAMPUS half must land fully (campuses are plentiful — the 5.11 flood)\" — but the assertions are only (lines 727-728):\n\ttesting.expectf(t, campuses >= 1, \"the honest surge floor requires a campus to exist (got %d) — a campus-silent pass is a regression\", campuses)\n\ttesting.expectf(t, campus_window_spawns > 0, \"the honest surge floor requires a campus to SOURCE in the window (got %d in-window campus spawns)\", campus_window_spawns)\nNo campus-share floor exists alongside the total floor `MIN_LAND := EXPECTED * 95 / 100`.",
    "detail": "Seeded hosts sustain ~10.67/tick (19200/window), so the total ≥95% floor (34200) tolerates the campus half landing as low as ~83% of its 18000 share — a campus-throttle regression passes while the comment/PR body claim 'lands fully' is enforced.",
    "recommended_fix": "Add `testing.expectf(t, campus_window_spawns >= 10*WINDOW*95/100, ...)` — the per-role campus floor the comment and PR body already promise."
  },
  {
    "source": "codebase",
    "severity": "note",
    "category": "stale-assertion",
    "title": "W9's `hosts >= 8` check is now near-vacuous and its message still says \"growth must place\" though the crowd is seeded",
    "location": "core/demand_test.odin:726",
    "evidence": "core/demand_test.odin:726:\n\ttesting.expectf(t, hosts >= 8, \"growth must place >= 8 streaming-capable terminals (content_hosts + campuses) by the surge window (got %d) — the aggregation crowd\", hosts)\nFixture (lines 614-619) seeds the crowd directly:\n\thost_pos := [8][2]i32{{8, 10}, {12, 8}, {16, 6}, {24, 6}, {28, 8}, {32, 10}, {36, 12}, {34, 20}}\n\tfor hp in host_pos { topology_spawn_node(&s.topology, host_idx, hp, cat) }\n\tcamp_pos := [6][2]i32{{6, 20}, {10, 26}, {18, 28}, {26, 28}, {34, 26}, {36, 18}}\n\tfor cp in camp_pos { topology_spawn_node(&s.topology, camp_idx, cp, cat) }",
    "detail": "Nothing removes nodes, so 14 streaming-capable terminals exist at tick 1; growth could regress to spawning zero and this check still passes. The old W9 pin ('growth must place >= 8 content_hosts') silently stopped biting, and the message misattributes the seeded crowd to growth.",
    "recommended_fix": "Reword the message to the seeded-map reality ('the grown mesh holds >= 8 streaming-capable terminals') or count growth-spawned nodes separately if the growth bite should survive."
  }
]
