[
  {
    "source": "blind",
    "severity": "warning",
    "category": "duplicate-goldens",
    "title": "Distinct demos share byte-identical .log.bin goldens (audio==health_lose; draw==flow==win)",
    "location": "goldens/audio.log.bin / goldens/health_lose.log.bin / goldens/draw.log.bin / goldens/flow.log.bin / goldens/win.log.bin",
    "evidence": "diff --git a/goldens/audio.log.bin b/goldens/audio.log.bin\nindex fb01682..2f2eca3 100644\n...\ndiff --git a/goldens/health_lose.log.bin b/goldens/health_lose.log.bin\nindex fb01682..2f2eca3 100644\n...\ndiff --git a/goldens/draw.log.bin b/goldens/draw.log.bin\nindex 3d95e02..95124be 100644\n...\ndiff --git a/goldens/flow.log.bin b/goldens/flow.log.bin\nindex 3d95e02..95124be 100644\n...\ndiff --git a/goldens/win.log.bin b/goldens/win.log.bin\nindex 3d95e02..95124be 100644",
    "detail": "Identical git blob hashes on both old and new sides mean these files are byte-identical across supposedly different demos, even after a change that altered every tick hash. Either logs are demo-agnostic or goldens were clobbered.",
    "recommended_fix": "Verify each demo's log capture writes demo-specific content; re-record audio/health_lose and draw/flow/win goldens independently and confirm blob hashes diverge."
  },
  {
    "source": "blind",
    "severity": "warning",
    "category": "incomplete-rebless",
    "title": "PNG goldens re-blessed only for node_health and terminal_types; other fully re-blessed demos have no PNG hunks",
    "location": "goldens/node_health/*.png, goldens/terminal_types/*.png vs surge/pause/growth/warn/qos/health_win .t1 hunks",
    "evidence": "diff --git a/goldens/node_health/10000ms.png b/goldens/node_health/10000ms.png\nindex 4ae3211..c49b4a6 100644\nBinary files a/goldens/node_health/10000ms.png and b/goldens/node_health/10000ms.png differ\n...\ndiff --git a/goldens/terminal_types/05000ms.png b/goldens/terminal_types/05000ms.png\nnew file mode 100644\n...\n@@ -3,4005 +3,4005 @@ t1 1\n demo surge\n-catalog_hash 66c4324a06058860\n+catalog_hash 250679b1940fb87b",
    "detail": "Every demo got .t1 and .log.bin re-blesses, yet only node_health/terminal_types have PNG hunks in the chunk. If other demos have render goldens, their images should also change; absence is unexplained.",
    "recommended_fix": "Confirm which demos carry PNG goldens; re-bless (or justify unchanged) renders for surge, pause, growth, warn, qos, health_win, since their entire tick trajectories changed."
  },
  {
    "source": "blind",
    "severity": "note",
    "category": "frozen-state-plateau",
    "title": "health_win.t1 blesses 40 consecutive identical state hashes (ticks 3001-3040)",
    "location": "goldens/health_win.t1:hunk tail (+3001..+3040)",
    "evidence": "+3000 cefb20d3095c78f2\n+3001 a8dc8aaf6c73bcf9\n+3002 a8dc8aaf6c73bcf9\n+3003 a8dc8aaf6c73bcf9\n...\n+3039 a8dc8aaf6c73bcf9\n+3040 a8dc8aaf6c73bcf9",
    "detail": "Full-sim-state hash is constant for 40 ticks after 3000. Possibly a legitimate post-win freeze, but pause.t1 never plateaus; confirm the harness intends to verify 2s of frozen state.",
    "recommended_fix": "Verify win state intentionally halts simulation advance; if so, consider ending the trace at win instead of hashing 40 identical ticks."
  }
]
