[
  {
    "source": "blind",
    "severity": "note",
    "category": "golden-coupling",
    "title": "Every trace re-hashed from tick 1; goldens are fully coupled to catalog identity",
    "location": "goldens/input_parity_draw.t1 (catalog_hash + tick 1); pattern repeats in all 8 files",
    "evidence": "-catalog_hash 66c4324a06058860\n+catalog_hash 250679b1940fb87b\n-1 485414581be6a892\n+1 948af3e4cd81b318",
    "detail": "Even the 12-tick input-parity traces change from tick 1 after a catalog edit, so any catalog change invalidates the entire golden suite and forces a total re-bless.",
    "recommended_fix": "Separate catalog identity from per-tick state hashing, or scope which traces a catalog edit can legitimately invalidate."
  },
  {
    "source": "blind",
    "severity": "note",
    "category": "process",
    "title": "Wholesale hash replacement carries no provenance; legitimacy unverifiable from the diff",
    "location": "goldens/*.t1 (all 8 hunks)",
    "evidence": "-catalog_hash 66c4324a06058860\n+catalog_hash 250679b1940fb87b",
    "detail": "1,418 tick hashes (480+670+12+12+60+64+60+60) replaced wholesale; nothing in the diff distinguishes a correct regeneration from overfitting goldens to current behavior.",
    "recommended_fix": "Attach regeneration command, tool commit, and a catalog-change summary to the re-bless commit."
  },
  {
    "source": "blind",
    "severity": "note",
    "category": "test-power",
    "title": "24 identical consecutive hashes; terminal freeze is indistinguishable from a stall",
    "location": "goldens/health_lose.t1 ticks 457-480 (same pattern: win.t1 ticks 47-60, lose.t1 ticks 61-64)",
    "evidence": "+457 da2f9ef7324c79c8\n+458 da2f9ef7324c79c8\n+459 da2f9ef7324c79c8\n+460 da2f9ef7324c79c8",
    "detail": "Tick index is excluded from the hash input; a simulator that stops advancing at tick 457 emits byte-identical output through 480, so deadlock-at-terminal cannot be detected.",
    "recommended_fix": "Mix the tick index into the tick hash, or record an explicit terminal-state marker in the golden header."
  },
  {
    "source": "blind",
    "severity": "note",
    "category": "coverage-seeds",
    "title": "Six of eight goldens pin seed 42; RNG path coverage unchanged by re-bless",
    "location": "goldens/win.t1, lose.t1, flow.t1, draw.t1, input_parity_draw.t1, input_parity_draw_wide.t1 (headers)",
    "evidence": " demo win\n seed 42\n demo draw\n seed 42\n demo health_lose\n seed 4243",
    "detail": "Only seeds 42 (six files), 4243, and 7 exist across the suite; the re-bless preserved this narrow seed reuse instead of diversifying.",
    "recommended_fix": "Vary seeds per demo at the next intentional regeneration."
  },
  {
    "source": "blind",
    "severity": "note",
    "category": "parity-semantics",
    "title": "Parity demos share seed and tick count but zero matching hashes",
    "location": "goldens/input_parity_draw.t1 ticks 1-12 vs goldens/input_parity_draw_wide.t1 ticks 1-12",
    "evidence": "+1 948af3e4cd81b318\n+1 840ea9f1982277b2",
    "detail": "Both parity traces use seed 42 and 12 ticks, yet all 12 hashes differ; if 'parity' means identical state, the hash embeds mode-specific data and cannot assert it.",
    "recommended_fix": "Document what input parity guarantees, or emit a mode-independent invariant these goldens can compare."
  }
]
