[
  {
    "source": "blind",
    "severity": "warning",
    "category": "docs-contradiction",
    "title": "PR body misdescribes the flagship golden: 'fixture + one small_biz + one campus' vs actual `fixture off` with seven explicit spawns",
    "location": "_bmad-output/pr-bodies/5.11.md (golden section) + demos/terminal_types.dem:17-26",
    "evidence": "+New `demos/terminal_types.dem` (era 3, growth on, fixture + one small_biz + one campus): captures at 5000 ms and 30000 ms\n---\n+# types visible\". `fixture off` + explicit spawn_node directives lay out the\n+fixture off\n+spawn_node small_biz 12 10\n+spawn_node campus 30 10",
    "detail": "PR body claims the golden is 'fixture + one small_biz + one campus'; the demo in the same PR runs 'fixture off' with seven explicit spawn_node directives. The description materially misrepresents what the golden exercises.",
    "recommended_fix": "Update 5.11.md to describe the actual construction (fixture off, seven explicit spawns), or rebuild the demo to match the stated fixture-based layout."
  },
  {
    "source": "blind",
    "severity": "note",
    "category": "demo-geometry",
    "title": "Campus pipe leg is Manhattan 15 — every other leg ≤14, standard tier max_span is 14",
    "location": "demos/terminal_types.dem:21,26,32 + core/determinism_test.odin:45 (context)",
    "evidence": "+spawn_node router_mid 20 15\n+spawn_node campus 30 10\n+at 900ms draw 0 6 standard\n---\n append(&cat.pipe_tiers, Pipe_Tier{id = \"standard\", display = \"Standard Line\", capacity_units = 15, cost = 10, clean_span = 10, max_span = 14, cost_per_tile = 5, era_introduced = 1})",
    "detail": "Campus (30,10) to router (20,15) is Manhattan 15; every other leg is ≤14. If pipe span is tile-Manhattan (as growth_connect_span usage implies), this standard-tier draw exceeds max_span 14.",
    "recommended_fix": "Confirm the span metric. If Manhattan, move the campus or router to within 14, or use the wide tier; a failing draw would leave the campus unconnected."
  },
  {
    "source": "blind",
    "severity": "note",
    "category": "stale-message",
    "title": "W9 burst check made per-type but failure message still hardcodes '(2 = ceil_cap)'",
    "location": "core/demand_test.odin:585-590 (new) vs :596 (unchanged)",
    "evidence": "+\t\t\tacc := u64(spawn_credit_accrue_milli(cat, s.topology.node_type[src_slot]))\n+\t\t\tceil_cap := (acc + 999) / 1000\n+\t\t\tif u64(n) > ceil_cap {\n+\t\t\t\tburst_ok = false\n+\t\t\t}\n---\n \ttesting.expectf(t, burst_ok, \"no per-tick burst beyond the ceiling (2 = ceil_cap) may occur\")",
    "detail": "The burst check was made per-type (host 2, campus 3) but the failure message still hardcodes 'the ceiling (2 = ceil_cap)', misreporting the invariant a campus breach violates.",
    "recommended_fix": "Rewrite the message to state the per-type ceiling, e.g. 'no per-tick burst beyond ceil(cap) for the source's type'."
  },
  {
    "source": "blind",
    "severity": "note",
    "category": "test-coverage-regression",
    "title": "SURGE_START gate silently stops per-tick burst checking before the surge",
    "location": "core/demand_test.odin:543-551 (W9 hunk)",
    "evidence": "+\t\t\tif tick >= SURGE_START {\n+\t\t\t\t// the per-terminal envelope counts the SURGE WINDOW only (the W\n+\t\t\t\t// in the bound formula — the pre-surge base accrual is bounded\n+\t\t\t\t// by the same cap mechanism + the director caps pin above).\n+\t\t\t\tper_tick_host_burst[p.src] += 1\n+\t\t\t\tper_host_spawns[p.src] += 1\n+\t\t\t}",
    "detail": "The new guard also empties per_tick_host_burst before the surge, so pre-surge per-tick burst violations are no longer detected; the added comment justifies only the envelope change.",
    "recommended_fix": "Keep per_tick_host_burst counting ungated so the per-tick ceiling is checked every tick, or document the intentionally dropped pre-surge burst coverage."
  },
  {
    "source": "blind",
    "severity": "note",
    "category": "test-inconsistency",
    "title": "Era-2 roster loop omits the junction-kind assertion present in era-1 and era-3 loops",
    "location": "core/growth_test.odin:284-289 (new era-2 block)",
    "evidence": "+\tfor ti in r2 {\n+\t\tif cat.node_types[ti].terminal_role == .Small_Biz { has_small_biz = true }\n+\t\ttesting.expectf(t, cat.node_types[ti].era_introduced <= 2, \"era-2 roster must hold only era-<=2 types\")\n+\t}\n---\n \t\ttesting.expectf(t, cat.node_types[ti].kind == .Terminal, \"growth roster must never hold a junction kind (routers are player-placed)\")",
    "detail": "The new era-2 loop asserts only era_introduced <= 2; the era-1 and era-3 loops also assert kind == .Terminal. A junction leaking into the era-2 roster would pass.",
    "recommended_fix": "Add testing.expectf(t, cat.node_types[ti].kind == .Terminal, ...) to the era-2 loop, matching the era-1/era-3 loops."
  },
  {
    "source": "blind",
    "severity": "note",
    "category": "comment-contradiction",
    "title": "test_terminal_class_profiles claims 'One terminal per role' but spawns two residentials",
    "location": "core/demand_test.odin:400-418 (new test)",
    "evidence": "+// One terminal per role (the weighted pick is then deterministic — the pick's\n+// rng draw picks the only candidate), so the per-role counts are the profile.\n---\n+\ttopology_spawn_node(&s.topology, res_idx, {6, 15}, cat)   // res 0 — sink + email source\n+\ttopology_spawn_node(&s.topology, sb_idx, {12, 15}, cat)   // small_biz 1 — email source\n+\ttopology_spawn_node(&s.topology, res_idx, {18, 15}, cat)  // res 2 — the second sink (dst != src)",
    "detail": "The test header claims 'One terminal per role … the only candidate', but the same test spawns two residentials (nodes 0 and 2), so residential weighted picks have two candidates.",
    "recommended_fix": "Reword the comment (e.g. 'one source terminal per source role; two residential sinks') to match the actual topology."
  },
  {
    "source": "blind",
    "severity": "note",
    "category": "dead-code",
    "title": "Fallback path computes house geometry unconditionally; dead on the Small_Biz/Campus branch",
    "location": "app/render/view.odin:542-544 + new branch",
    "evidence": " \th := s * 0.62\n \tleft := c.x - w/2\n \ttop := c.y - h * 0.15\n+\tif role == .Small_Biz || role == .Campus {\n...\n+\t\treturn\n+\t}\n \trl.DrawRectangleV({left, top}, {w, h}, body)",
    "detail": "w/h/left/top are computed unconditionally before the role branch; the Small_Biz/Campus path computes its own ww/hh/bx/by and returns, leaving the hoisted house geometry dead on that path.",
    "recommended_fix": "Move the house geometry (w/h/left/top) computation below the Small_Biz/Campus early-return branch."
  }
]
