[
  {
    "source": "blind",
    "severity": "warning",
    "category": "unverifiable-rebless",
    "title": "Full-trajectory re-bless of all 12 goldens with nothing in-chunk to validate the new hashes against",
    "location": "goldens/router_tiers.t1:hunk @@ -3,85 (same pattern in all 12 files)",
    "evidence": "-catalog_hash 66c4324a06058860\n+catalog_hash 250679b1940fb87b\n-1 eaf03b953d5ed728\n+1 6e1937dd469014b6",
    "detail": "Every tick hash in twelve goldens was replaced; only the catalog_hash header explains it. Nothing here proves the trajectories were machine-regenerated rather than hand-edited or produced by regressed logic.",
    "recommended_fix": "Cross-reference the catalog-change chunk in the same PR and attach the regeneration command/CI log proving deterministic regeneration at seed 42, logic_hz 20."
  },
  {
    "source": "blind",
    "severity": "note",
    "category": "test-design",
    "title": "Catalog change cascades into every tick hash of every golden, destroying regression signal",
    "location": "all 12 goldens/*.t1 catalog_hash lines",
    "evidence": "-catalog_hash 66c4324a06058860\n+catalog_hash 250679b1940fb87b",
    "detail": "One catalog edit invalidates all hashes in all demos at once (even tick 1 of audio_throttle diverges), so a re-bless cannot distinguish intended catalog changes from unintended simulation-logic regressions.",
    "recommended_fix": "Add catalog-independent per-subsystem hashes or assertions so re-blesses stay scoped and unintended logic drift remains detectable."
  },
  {
    "source": "blind",
    "severity": "warning",
    "category": "missing-coverage",
    "title": "No new golden exercising the new terminal types; only legacy demos re-blessed",
    "location": "N/A",
    "evidence": "N/A",
    "detail": "The chunk only re-blesses twelve pre-existing demos. A terminal-types change warrants at least one golden whose scenario specifically exercises the new/changed terminal behavior end to end.",
    "recommended_fix": "Add a dedicated demo plus .t1 golden covering new terminal-type placement, routing, and teardown; legacy demos may never stress the new paths."
  }
]
