[
  {
    "source": "blind",
    "severity": "warning",
    "category": "golden-rebless",
    "title": "Golden file fully regenerated: all 1400 tick hashes and catalog_hash replaced, nothing retained for cross-checking",
    "location": "goldens/juice.t1:hunk @@ -3,1405 +3,1405 @@",
    "evidence": "-catalog_hash 66c4324a06058860\n+catalog_hash 250679b1940fb87b\n-1 41b50ae1d09a7229\n+1 617d6f518548819f\n-1400 c16a075410bd6c9d\n+1400 4efa1537912403d3",
    "detail": "A 100% hash replacement is indistinguishable from a blessed-in regression when reviewed in isolation. The golden now asserts whatever the current build emits, by construction.",
    "recommended_fix": "Confirm the paired engine/catalog change in this PR deterministically explains every tick; include the generator command and rationale in the PR description."
  },
  {
    "source": "blind",
    "severity": "note",
    "category": "divergence-at-tick-1",
    "title": "Tick-1 hash differs under identical seed and logic_hz; divergence must be caused by catalog, not simulation drift",
    "location": "goldens/juice.t1:5-9",
    "evidence": " seed 7\n logic_hz 20\n-catalog_hash 66c4324a06058860\n+catalog_hash 250679b1940fb87b\n-1 41b50ae1d09a7229\n+1 617d6f518548819f",
    "detail": "With seed and logic_hz unchanged, first-tick divergence is only consistent if tick hashing includes catalog content or initial state changed. Verify the engine diff causes exactly this.",
    "recommended_fix": "Verify the producing change alters tick-1 inputs (catalog-dependent hash or initial state); otherwise the wrong hashes were blessed."
  },
  {
    "source": "blind",
    "severity": "note",
    "category": "missing-provenance",
    "title": "Re-blessed golden carries no generator/engine version stamp to bind it to a code change",
    "location": "goldens/juice.t1:3-8",
    "evidence": " t1 1\n demo juice\n seed 7\n logic_hz 20\n+catalog_hash 250679b1940fb87b\n ticks 1400",
    "detail": "The header records only demo parameters; nothing identifies which engine build produced these hashes, so a wholesale re-bless cannot be attributed to a specific change from the artifact.",
    "recommended_fix": "Add a generator/engine version or producing-commit field to the t1 format before future re-blesses."
  }
]
