21:12:10 dispatched blind-code on w1T:p25Z
21:12:10 dispatched edge-code on w1T:p250
21:12:10 dispatched acceptance-code on w1T:p261
21:12:10 dispatched security-code on w1T:p262
21:12:10 dispatched architecture-code on w1T:p263
21:12:10 dispatched codebase-code on w1T:p264
21:12:10 dispatched tests-code on w1T:p265
21:53:52 WAVE code COMPLETE
21:53:52 dispatched blind-g1 on w1T:p25Z
21:53:52 dispatched edge-g1 on w1T:p250
21:53:52 dispatched acceptance-g1 on w1T:p261
21:53:52 dispatched security-g1 on w1T:p262
21:53:52 dispatched architecture-g1 on w1T:p263
21:53:52 dispatched codebase-g1 on w1T:p264
21:53:52 dispatched tests-g1 on w1T:p265
22:15:05 WAVE g1 COMPLETE
22:15:05 dispatched blind-g2 on w1T:p25Z
22:15:05 dispatched edge-g2 on w1T:p250
22:15:05 dispatched acceptance-g2 on w1T:p261
22:15:05 dispatched security-g2 on w1T:p262
22:15:05 dispatched architecture-g2 on w1T:p263
22:15:05 dispatched codebase-g2 on w1T:p264
22:15:05 dispatched tests-g2 on w1T:p265
22:38:38 WAVE g2 COMPLETE
22:38:38 dispatched blind-g3 on w1T:p25Z
22:38:38 dispatched edge-g3 on w1T:p250
22:38:38 dispatched acceptance-g3 on w1T:p261
22:38:38 dispatched security-g3 on w1T:p262
22:38:38 dispatched architecture-g3 on w1T:p263
22:38:38 dispatched codebase-g3 on w1T:p264
22:38:38 dispatched tests-g3 on w1T:p265
22:49:43 WAVE g3 COMPLETE
22:49:43 dispatched blind-g4 on w1T:p25Z
22:49:43 dispatched edge-g4 on w1T:p250
22:49:43 dispatched acceptance-g4 on w1T:p261
22:49:43 dispatched security-g4 on w1T:p262
22:49:43 dispatched architecture-g4 on w1T:p263
22:49:43 dispatched codebase-g4 on w1T:p264
22:49:43 dispatched tests-g4 on w1T:p265
23:00:48 WAVE g4 COMPLETE
23:00:48 dispatched blind-g5 on w1T:p25Z
23:00:48 dispatched edge-g5 on w1T:p250
23:00:48 dispatched acceptance-g5 on w1T:p261
23:00:48 dispatched security-g5 on w1T:p262
23:00:48 dispatched architecture-g5 on w1T:p263
23:00:48 dispatched codebase-g5 on w1T:p264
23:00:48 dispatched tests-g5 on w1T:p265
23:15:17 WAVE g5 COMPLETE
23:15:17 ALL WAVES COMPLETE
