Testing client package...
cd client && gleam test
  Resolving versions
Downloading packages
 Downloaded 43 packages in 0.16s
  Compiling argv
  Compiling booklet
  Compiling gleam_stdlib
  Compiling envoy
  Compiling filepath
  Compiling simplifile
  Compiling platform
  Compiling directories
  Compiling exception
  Compiling gleam_json
  Compiling gleam_community_colour
  Compiling gleam_regexp
  Compiling gleam_community_ansi
  Compiling gleam_crypto
  Compiling gleam_erlang
warning: Unused value
    ┌─ /Users/moses/.herdr/worktrees/RightTenantry/perkins-mobile-layout-1-r3/client/build/packages/gleam_erlang/src/gleam/erlang/process.gleam:586:3
    │
586 │   erlang_demonitor_process(monitor)
    │   ^^^^^^^^^^^^^^^^^^^^^^^^^^^^^^^^^ This value is never used

This expression computes a value without any side effects, but then the
value isn't used at all. You might want to assign it to a variable, or
delete the expression entirely if it's not needed.

warning: Unused value
    ┌─ /Users/moses/.herdr/worktrees/RightTenantry/perkins-mobile-layout-1-r3/client/build/packages/gleam_erlang/src/gleam/erlang/process.gleam:633:3
    │
633 │   demonitor_process(monitor)
    │   ^^^^^^^^^^^^^^^^^^^^^^^^^^ This value is never used

This expression computes a value without any side effects, but then the
value isn't used at all. You might want to assign it to a variable, or
delete the expression entirely if it's not needed.

warning: Unused value
    ┌─ /Users/moses/.herdr/worktrees/RightTenantry/perkins-mobile-layout-1-r3/client/build/packages/gleam_erlang/src/gleam/erlang/process.gleam:737:3
    │
737 │   erlang_unlink(pid)
    │   ^^^^^^^^^^^^^^^^^^ This value is never used

This expression computes a value without any side effects, but then the
value isn't used at all. You might want to assign it to a variable, or
delete the expression entirely if it's not needed.

warning: Unused value
    ┌─ /Users/moses/.herdr/worktrees/RightTenantry/perkins-mobile-layout-1-r3/client/build/packages/gleam_erlang/src/gleam/erlang/process.gleam:806:3
    │
806 │   erlang_kill(pid, Kill)
    │   ^^^^^^^^^^^^^^^^^^^^^^ This value is never used

This expression computes a value without any side effects, but then the
value isn't used at all. You might want to assign it to a variable, or
delete the expression entirely if it's not needed.

warning: Unused value
    ┌─ /Users/moses/.herdr/worktrees/RightTenantry/perkins-mobile-layout-1-r3/client/build/packages/gleam_erlang/src/gleam/erlang/process.gleam:822:3
    │
822 │   erlang_send_exit(pid, Normal)
    │   ^^^^^^^^^^^^^^^^^^^^^^^^^^^^^ This value is never used

This expression computes a value without any side effects, but then the
value isn't used at all. You might want to assign it to a variable, or
delete the expression entirely if it's not needed.

warning: Unused value
    ┌─ /Users/moses/.herdr/worktrees/RightTenantry/perkins-mobile-layout-1-r3/client/build/packages/gleam_erlang/src/gleam/erlang/process.gleam:834:3
    │
834 │   erlang_send_exit(pid, reason)
    │   ^^^^^^^^^^^^^^^^^^^^^^^^^^^^^ This value is never used

This expression computes a value without any side effects, but then the
value isn't used at all. You might want to assign it to a variable, or
delete the expression entirely if it's not needed.

  Compiling gleam_javascript
  Compiling gleam_http
  Compiling gleam_fetch
  Compiling gleam_httpc
  Compiling gleam_otp
warning: Unused value
   ┌─ /Users/moses/.herdr/worktrees/RightTenantry/perkins-mobile-layout-1-r3/client/build/packages/gleam_otp/src/gleam/otp/system.gleam:78:3
   │
78 │   erl_suspend(pid)
   │   ^^^^^^^^^^^^^^^^ This value is never used

This expression computes a value without any side effects, but then the
value isn't used at all. You might want to assign it to a variable, or
delete the expression entirely if it's not needed.

warning: Unused value
   ┌─ /Users/moses/.herdr/worktrees/RightTenantry/perkins-mobile-layout-1-r3/client/build/packages/gleam_otp/src/gleam/otp/system.gleam:93:3
   │
93 │   erl_resume(pid)
   │   ^^^^^^^^^^^^^^^ This value is never used

This expression computes a value without any side effects, but then the
value isn't used at all. You might want to assign it to a variable, or
delete the expression entirely if it's not needed.

warning: Unused value
    ┌─ /Users/moses/.herdr/worktrees/RightTenantry/perkins-mobile-layout-1-r3/client/build/packages/gleam_otp/src/gleam/otp/actor.gleam:403:3
    │  
403 │ ╭   case reason {
404 │ │     Abnormal(reason) -> process.send_abnormal_exit(process.self(), reason)
405 │ │     Killed -> process.kill(process.self())
406 │ │     _ -> Nil
407 │ │   }
    │ ╰───^ This value is never used

This expression computes a value without any side effects, but then the
value isn't used at all. You might want to assign it to a variable, or
delete the expression entirely if it's not needed.

warning: Unused value
    ┌─ /Users/moses/.herdr/worktrees/RightTenantry/perkins-mobile-layout-1-r3/client/build/packages/gleam_otp/src/gleam/otp/actor.gleam:490:7
    │  
490 │ ╭       log_warning(
491 │ │         charlist.from_string("Actor discarding unexpected message: ~s"),
492 │ │         [charlist.from_string(string.inspect(message))],
493 │ │       )
    │ ╰───────^ This value is never used

This expression computes a value without any side effects, but then the
value isn't used at all. You might want to assign it to a variable, or
delete the expression entirely if it's not needed.

warning: Unused value
    ┌─ /Users/moses/.herdr/worktrees/RightTenantry/perkins-mobile-layout-1-r3/client/build/packages/gleam_otp/src/gleam/otp/actor.gleam:622:7
    │
622 │       process.unlink(child)
    │       ^^^^^^^^^^^^^^^^^^^^^ This value is never used

This expression computes a value without any side effects, but then the
value isn't used at all. You might want to assign it to a variable, or
delete the expression entirely if it's not needed.

warning: Unused value
    ┌─ /Users/moses/.herdr/worktrees/RightTenantry/perkins-mobile-layout-1-r3/client/build/packages/gleam_otp/src/gleam/otp/actor.gleam:623:7
    │
623 │       process.kill(child)
    │       ^^^^^^^^^^^^^^^^^^^ This value is never used

This expression computes a value without any side effects, but then the
value isn't used at all. You might want to assign it to a variable, or
delete the expression entirely if it's not needed.

warning: Unused value
    ┌─ /Users/moses/.herdr/worktrees/RightTenantry/perkins-mobile-layout-1-r3/client/build/packages/gleam_otp/src/gleam/otp/actor.gleam:630:3
    │
630 │   process.demonitor_process(monitor)
    │   ^^^^^^^^^^^^^^^^^^^^^^^^^^^^^^^^^^ This value is never used

This expression computes a value without any side effects, but then the
value isn't used at all. You might want to assign it to a variable, or
delete the expression entirely if it's not needed.

  Compiling gleam_time
  Compiling gleam_yielder
  Compiling gleeunit
  Compiling snag
  Compiling glint
  Compiling logging
warning: Unused value
   ┌─ /Users/moses/.herdr/worktrees/RightTenantry/perkins-mobile-layout-1-r3/client/build/packages/logging/src/logging.gleam:30:3
   │
30 │   erlang_log(level, message)
   │   ^^^^^^^^^^^^^^^^^^^^^^^^^^ This value is never used

This expression computes a value without any side effects, but then the
value isn't used at all. You might want to assign it to a variable, or
delete the expression entirely if it's not needed.

warning: Unused value
   ┌─ /Users/moses/.herdr/worktrees/RightTenantry/perkins-mobile-layout-1-r3/client/build/packages/logging/src/logging.gleam:43:3
   │
43 │   set_primary_config_level(Level, level)
   │   ^^^^^^^^^^^^^^^^^^^^^^^^^^^^^^^^^^^^^^ This value is never used

This expression computes a value without any side effects, but then the
value isn't used at all. You might want to assign it to a variable, or
delete the expression entirely if it's not needed.

  Compiling glisten
warning: Unused value
    ┌─ /Users/moses/.herdr/worktrees/RightTenantry/perkins-mobile-layout-1-r3/client/build/packages/glisten/src/glisten/internal/handler.gleam:219:13
    │  
219 │ ╭             logging.log(
220 │ │               logging.Error,
221 │ │               "Caught error in user handler: " <> string.inspect(reason),
222 │ │             )
    │ ╰─────────────^ This value is never used

This expression computes a value without any side effects, but then the
value isn't used at all. You might want to assign it to a variable, or
delete the expression entirely if it's not needed.

warning: Unused value
    ┌─ /Users/moses/.herdr/worktrees/RightTenantry/perkins-mobile-layout-1-r3/client/build/packages/glisten/src/glisten/internal/handler.gleam:241:13
    │  
241 │ ╭             logging.log(
242 │ │               logging.Error,
243 │ │               "Caught error in user handler: " <> string.inspect(reason),
244 │ │             )
    │ ╰─────────────^ This value is never used

This expression computes a value without any side effects, but then the
value isn't used at all. You might want to assign it to a variable, or
delete the expression entirely if it's not needed.

warning: Unused value
   ┌─ /Users/moses/.herdr/worktrees/RightTenantry/perkins-mobile-layout-1-r3/client/build/packages/glisten/src/glisten/internal/acceptor.gleam:83:13
   │  
83 │ ╭             logging.log(
84 │ │               logging.Error,
85 │ │               "Failed to accept/start handler: " <> string.inspect(reason),
86 │ │             )
   │ ╰─────────────^ This value is never used

This expression computes a value without any side effects, but then the
value isn't used at all. You might want to assign it to a variable, or
delete the expression entirely if it's not needed.

warning: Deprecated value used
    ┌─ /Users/moses/.herdr/worktrees/RightTenantry/perkins-mobile-layout-1-r3/client/build/packages/glisten/src/glisten/internal/acceptor.gleam:121:24
    │
121 │   let acceptors = list.range(from: 0, to: pool.pool_count)
    │                        ^^^^^ This value has been deprecated

It was deprecated with this message: Use int.range instead

  Compiling gramps
warning: Unused value
   ┌─ /Users/moses/.herdr/worktrees/RightTenantry/perkins-mobile-layout-1-r3/client/build/packages/gramps/src/gramps/websocket/compression.gleam:37:3
   │
37 │   inflate_init(inflate, -15)
   │   ^^^^^^^^^^^^^^^^^^^^^^^^^^ This value is never used

This expression computes a value without any side effects, but then the
value isn't used at all. You might want to assign it to a variable, or
delete the expression entirely if it's not needed.

warning: Unused value
   ┌─ /Users/moses/.herdr/worktrees/RightTenantry/perkins-mobile-layout-1-r3/client/build/packages/gramps/src/gramps/websocket/compression.gleam:41:3
   │
41 │   deflate_init(deflate, Default, Deflated, -15, 8, Default)
   │   ^^^^^^^^^^^^^^^^^^^^^^^^^^^^^^^^^^^^^^^^^^^^^^^^^^^^^^^^^ This value is never used

This expression computes a value without any side effects, but then the
value isn't used at all. You might want to assign it to a variable, or
delete the expression entirely if it's not needed.

  Compiling group_registry
warning: Unused value
    ┌─ /Users/moses/.herdr/worktrees/RightTenantry/perkins-mobile-layout-1-r3/client/build/packages/group_registry/src/group_registry.gleam:119:3
    │
119 │   erlang_join(registry, group, new_member)
    │   ^^^^^^^^^^^^^^^^^^^^^^^^^^^^^^^^^^^^^^^^ This value is never used

This expression computes a value without any side effects, but then the
value isn't used at all. You might want to assign it to a variable, or
delete the expression entirely if it's not needed.

warning: Unused value
    ┌─ /Users/moses/.herdr/worktrees/RightTenantry/perkins-mobile-layout-1-r3/client/build/packages/group_registry/src/group_registry.gleam:130:3
    │
130 │   erlang_leave(registry, group, members)
    │   ^^^^^^^^^^^^^^^^^^^^^^^^^^^^^^^^^^^^^^ This value is never used

This expression computes a value without any side effects, but then the
value isn't used at all. You might want to assign it to a variable, or
delete the expression entirely if it's not needed.

  Compiling houdini
warning: Empty module

Module 'houdini/internal/escape_erl' contains no public definitions.
Hint: You can safely remove this module.

  Compiling justin
  Compiling lustre
  Compiling polly
  Compiling marceau
  Compiling mist
warning: Unused value
   ┌─ /Users/moses/.herdr/worktrees/RightTenantry/perkins-mobile-layout-1-r3/client/build/packages/mist/src/mist/internal/clock.gleam:30:5
   │
30 │     ets_new(MistClock, [Set, Protected, NamedTable, ReadConcurrency(True)])
   │     ^^^^^^^^^^^^^^^^^^^^^^^^^^^^^^^^^^^^^^^^^^^^^^^^^^^^^^^^^^^^^^^^^^^^^^^ This value is never used

This expression computes a value without any side effects, but then the
value isn't used at all. You might want to assign it to a variable, or
delete the expression entirely if it's not needed.

warning: Unused value
   ┌─ /Users/moses/.herdr/worktrees/RightTenantry/perkins-mobile-layout-1-r3/client/build/packages/mist/src/mist/internal/clock.gleam:41:9
   │
41 │         ets_insert(MistClock, #(DateHeader, date()))
   │         ^^^^^^^^^^^^^^^^^^^^^^^^^^^^^^^^^^^^^^^^^^^^ This value is never used

This expression computes a value without any side effects, but then the
value isn't used at all. You might want to assign it to a variable, or
delete the expression entirely if it's not needed.

warning: Unused value
   ┌─ /Users/moses/.herdr/worktrees/RightTenantry/perkins-mobile-layout-1-r3/client/build/packages/mist/src/mist/internal/clock.gleam:42:9
   │
42 │         process.send_after(state, 1000, SetTime)
   │         ^^^^^^^^^^^^^^^^^^^^^^^^^^^^^^^^^^^^^^^^ This value is never used

This expression computes a value without any side effects, but then the
value isn't used at all. You might want to assign it to a variable, or
delete the expression entirely if it's not needed.

warning: Unused value
   ┌─ /Users/moses/.herdr/worktrees/RightTenantry/perkins-mobile-layout-1-r3/client/build/packages/mist/src/mist/internal/clock.gleam:64:7
   │
64 │       logging.log(logging.Warning, "Failed to lookup date, re-calculating")
   │       ^^^^^^^^^^^^^^^^^^^^^^^^^^^^^^^^^^^^^^^^^^^^^^^^^^^^^^^^^^^^^^^^^^^^^ This value is never used

This expression computes a value without any side effects, but then the
value isn't used at all. You might want to assign it to a variable, or
delete the expression entirely if it's not needed.

warning: Unused value
   ┌─ /Users/moses/.herdr/worktrees/RightTenantry/perkins-mobile-layout-1-r3/client/build/packages/mist/src/mist/internal/http/handler.gleam:74:3
   │
74 │   logging.log(logging.Error, string.inspect(error))
   │   ^^^^^^^^^^^^^^^^^^^^^^^^^^^^^^^^^^^^^^^^^^^^^^^^^ This value is never used

This expression computes a value without any side effects, but then the
value isn't used at all. You might want to assign it to a variable, or
delete the expression entirely if it's not needed.

warning: Unused value
    ┌─ /Users/moses/.herdr/worktrees/RightTenantry/perkins-mobile-layout-1-r3/client/build/packages/mist/src/mist/internal/http/handler.gleam:193:9
    │  
193 │ ╭         logging.log(
194 │ │           logging.Error,
195 │ │           "Failed to send file: " <> string.inspect(err),
196 │ │         )
    │ ╰─────────^ This value is never used

This expression computes a value without any side effects, but then the
value isn't used at all. You might want to assign it to a variable, or
delete the expression entirely if it's not needed.

warning: Unused value
    ┌─ /Users/moses/.herdr/worktrees/RightTenantry/perkins-mobile-layout-1-r3/client/build/packages/mist/src/mist/internal/http/handler.gleam:202:3
    │  
202 │ ╭   case file.close(file_descriptor) {
203 │ │     Ok(_nil) -> Nil
204 │ │     Error(reason) -> {
205 │ │       logging.log(
    · │
209 │ │     }
210 │ │   }
    │ ╰───^ This value is never used

This expression computes a value without any side effects, but then the
value isn't used at all. You might want to assign it to a variable, or
delete the expression entirely if it's not needed.

warning: Unused value
    ┌─ /Users/moses/.herdr/worktrees/RightTenantry/perkins-mobile-layout-1-r3/client/build/packages/mist/src/mist/internal/http2/frame.gleam:240:11
    │
240 │           logging.log(logging.Debug, "oh noes!")
    │           ^^^^^^^^^^^^^^^^^^^^^^^^^^^^^^^^^^^^^^ This value is never used

This expression computes a value without any side effects, but then the
value isn't used at all. You might want to assign it to a variable, or
delete the expression entirely if it's not needed.

warning: Unused value
    ┌─ /Users/moses/.herdr/worktrees/RightTenantry/perkins-mobile-layout-1-r3/client/build/packages/mist/src/mist/internal/http2.gleam:108:5
    │
108 │     logging.log(logging.Debug, "failed to send :(  " <> string.inspect(err))
    │     ^^^^^^^^^^^^^^^^^^^^^^^^^^^^^^^^^^^^^^^^^^^^^^^^^^^^^^^^^^^^^^^^^^^^^^^^ This value is never used

This expression computes a value without any side effects, but then the
value isn't used at all. You might want to assign it to a variable, or
delete the expression entirely if it's not needed.

warning: Unused value
    ┌─ /Users/moses/.herdr/worktrees/RightTenantry/perkins-mobile-layout-1-r3/client/build/packages/mist/src/mist/internal/http2/handler.gleam:297:7
    │
297 │       logging.log(logging.Debug, "byteeee~~")
    │       ^^^^^^^^^^^^^^^^^^^^^^^^^^^^^^^^^^^^^^^ This value is never used

This expression computes a value without any side effects, but then the
value isn't used at all. You might want to assign it to a variable, or
delete the expression entirely if it's not needed.

warning: Unused value
    ┌─ /Users/moses/.herdr/worktrees/RightTenantry/perkins-mobile-layout-1-r3/client/build/packages/mist/src/mist/internal/http2/handler.gleam:303:7
    │
303 │       logging.log(logging.Debug, "Ignoring frame: " <> string.inspect(frame))
    │       ^^^^^^^^^^^^^^^^^^^^^^^^^^^^^^^^^^^^^^^^^^^^^^^^^^^^^^^^^^^^^^^^^^^^^^^ This value is never used

This expression computes a value without any side effects, but then the
value isn't used at all. You might want to assign it to a variable, or
delete the expression entirely if it's not needed.

warning: Unused value
   ┌─ /Users/moses/.herdr/worktrees/RightTenantry/perkins-mobile-layout-1-r3/client/build/packages/mist/src/mist/internal/handler.gleam:74:11
   │  
74 │ ╭           logging.log(
75 │ │             logging.Debug,
76 │ │             "Error sending HTTP/2 data: " <> string.inspect(err),
77 │ │           )
   │ ╰───────────^ This value is never used

This expression computes a value without any side effects, but then the
value isn't used at all. You might want to assign it to a variable, or
delete the expression entirely if it's not needed.

warning: Unused value
   ┌─ /Users/moses/.herdr/worktrees/RightTenantry/perkins-mobile-layout-1-r3/client/build/packages/mist/src/mist/internal/handler.gleam:92:15
   │
92 │               logging.log(logging.Error, string.inspect(err))
   │               ^^^^^^^^^^^^^^^^^^^^^^^^^^^^^^^^^^^^^^^^^^^^^^^ This value is never used

This expression computes a value without any side effects, but then the
value isn't used at all. You might want to assign it to a variable, or
delete the expression entirely if it's not needed.

warning: Unused value
    ┌─ /Users/moses/.herdr/worktrees/RightTenantry/perkins-mobile-layout-1-r3/client/build/packages/mist/src/mist/internal/websocket.gleam:167:19
    │
167 │                   compression.close(contexts.deflate)
    │                   ^^^^^^^^^^^^^^^^^^^^^^^^^^^^^^^^^^^ This value is never used

This expression computes a value without any side effects, but then the
value isn't used at all. You might want to assign it to a variable, or
delete the expression entirely if it's not needed.

warning: Unused value
    ┌─ /Users/moses/.herdr/worktrees/RightTenantry/perkins-mobile-layout-1-r3/client/build/packages/mist/src/mist/internal/websocket.gleam:175:19
    │
175 │                   compression.close(contexts.deflate)
    │                   ^^^^^^^^^^^^^^^^^^^^^^^^^^^^^^^^^^^ This value is never used

This expression computes a value without any side effects, but then the
value isn't used at all. You might want to assign it to a variable, or
delete the expression entirely if it's not needed.

warning: Unused value
    ┌─ /Users/moses/.herdr/worktrees/RightTenantry/perkins-mobile-layout-1-r3/client/build/packages/mist/src/mist/internal/websocket.gleam:183:11
    │
183 │           logging.log(logging.Error, "Received a malformed WebSocket frame")
    │           ^^^^^^^^^^^^^^^^^^^^^^^^^^^^^^^^^^^^^^^^^^^^^^^^^^^^^^^^^^^^^^^^^^ This value is never used

This expression computes a value without any side effects, but then the
value isn't used at all. You might want to assign it to a variable, or
delete the expression entirely if it's not needed.

warning: Unused value
    ┌─ /Users/moses/.herdr/worktrees/RightTenantry/perkins-mobile-layout-1-r3/client/build/packages/mist/src/mist/internal/websocket.gleam:187:15
    │
187 │               compression.close(contexts.deflate)
    │               ^^^^^^^^^^^^^^^^^^^^^^^^^^^^^^^^^^^ This value is never used

This expression computes a value without any side effects, but then the
value isn't used at all. You might want to assign it to a variable, or
delete the expression entirely if it's not needed.

warning: Unused value
    ┌─ /Users/moses/.herdr/worktrees/RightTenantry/perkins-mobile-layout-1-r3/client/build/packages/mist/src/mist/internal/websocket.gleam:214:19
    │
214 │                   compression.close(contexts.deflate)
    │                   ^^^^^^^^^^^^^^^^^^^^^^^^^^^^^^^^^^^ This value is never used

This expression computes a value without any side effects, but then the
value isn't used at all. You might want to assign it to a variable, or
delete the expression entirely if it's not needed.

warning: Unused value
    ┌─ /Users/moses/.herdr/worktrees/RightTenantry/perkins-mobile-layout-1-r3/client/build/packages/mist/src/mist/internal/websocket.gleam:223:19
    │
223 │                   compression.close(contexts.deflate)
    │                   ^^^^^^^^^^^^^^^^^^^^^^^^^^^^^^^^^^^ This value is never used

This expression computes a value without any side effects, but then the
value isn't used at all. You might want to assign it to a variable, or
delete the expression entirely if it's not needed.

warning: Unused value
    ┌─ /Users/moses/.herdr/worktrees/RightTenantry/perkins-mobile-layout-1-r3/client/build/packages/mist/src/mist/internal/websocket.gleam:240:15
    │
240 │               compression.close(contexts.deflate)
    │               ^^^^^^^^^^^^^^^^^^^^^^^^^^^^^^^^^^^ This value is never used

This expression computes a value without any side effects, but then the
value isn't used at all. You might want to assign it to a variable, or
delete the expression entirely if it's not needed.

warning: Unused value
    ┌─ /Users/moses/.herdr/worktrees/RightTenantry/perkins-mobile-layout-1-r3/client/build/packages/mist/src/mist/internal/websocket.gleam:250:13
    │
250 │             compression.close(contexts.deflate)
    │             ^^^^^^^^^^^^^^^^^^^^^^^^^^^^^^^^^^^ This value is never used

This expression computes a value without any side effects, but then the
value isn't used at all. You might want to assign it to a variable, or
delete the expression entirely if it's not needed.

warning: Unused value
    ┌─ /Users/moses/.herdr/worktrees/RightTenantry/perkins-mobile-layout-1-r3/client/build/packages/mist/src/mist/internal/websocket.gleam:258:9
    │
258 │         logging.log(logging.Error, "Received a malformed WebSocket frame")
    │         ^^^^^^^^^^^^^^^^^^^^^^^^^^^^^^^^^^^^^^^^^^^^^^^^^^^^^^^^^^^^^^^^^^ This value is never used

This expression computes a value without any side effects, but then the
value isn't used at all. You might want to assign it to a variable, or
delete the expression entirely if it's not needed.

warning: Unused value
    ┌─ /Users/moses/.herdr/worktrees/RightTenantry/perkins-mobile-layout-1-r3/client/build/packages/mist/src/mist/internal/websocket.gleam:261:13
    │
261 │             compression.close(contexts.deflate)
    │             ^^^^^^^^^^^^^^^^^^^^^^^^^^^^^^^^^^^ This value is never used

This expression computes a value without any side effects, but then the
value isn't used at all. You might want to assign it to a variable, or
delete the expression entirely if it's not needed.

warning: Unused value
    ┌─ /Users/moses/.herdr/worktrees/RightTenantry/perkins-mobile-layout-1-r3/client/build/packages/mist/src/mist/internal/websocket.gleam:350:11
    │  
350 │ ╭           logging.log(
351 │ │             logging.Error,
352 │ │             "Caught error in websocket handler: " <> string.inspect(reason),
353 │ │           )
    │ ╰───────────^ This value is never used

This expression computes a value without any side effects, but then the
value isn't used at all. You might want to assign it to a variable, or
delete the expression entirely if it's not needed.

warning: Unused value
    ┌─ /Users/moses/.herdr/worktrees/RightTenantry/perkins-mobile-layout-1-r3/client/build/packages/mist/src/mist.gleam:654:7
    │  
654 │ ╭       logging.log(
655 │ │         logging.Error,
656 │ │         "Cannot send messages from a different process than the WebSocket: "
657 │ │           <> string.inspect(reason),
658 │ │       )
    │ ╰───────^ This value is never used

This expression computes a value without any side effects, but then the
value isn't used at all. You might want to assign it to a variable, or
delete the expression entirely if it's not needed.

warning: Unused value
    ┌─ /Users/moses/.herdr/worktrees/RightTenantry/perkins-mobile-layout-1-r3/client/build/packages/mist/src/mist.gleam:678:7
    │  
678 │ ╭       logging.log(
679 │ │         logging.Error,
680 │ │         "Cannot send messages from a different process than the WebSocket: "
681 │ │           <> string.inspect(reason),
682 │ │       )
    │ ╰───────^ This value is never used

This expression computes a value without any side effects, but then the
value isn't used at all. You might want to assign it to a variable, or
delete the expression entirely if it's not needed.

  Compiling wisp
warning: Unused value
     ┌─ /Users/moses/.herdr/worktrees/RightTenantry/perkins-mobile-layout-1-r3/client/build/packages/wisp/src/wisp.gleam:1133:7
     │
1133 │       log_error(string.inspect(error))
     │       ^^^^^^^^^^^^^^^^^^^^^^^^^^^^^^^^ This value is never used

This expression computes a value without any side effects, but then the
value isn't used at all. You might want to assign it to a variable, or
delete the expression entirely if it's not needed.

warning: Unused value
     ┌─ /Users/moses/.herdr/worktrees/RightTenantry/perkins-mobile-layout-1-r3/client/build/packages/wisp/src/wisp.gleam:1305:11
     │
1305 │           log_error_dict(dict.insert(details, c, error_kind_to_dynamic(kind)))
     │           ^^^^^^^^^^^^^^^^^^^^^^^^^^^^^^^^^^^^^^^^^^^^^^^^^^^^^^^^^^^^^^^^^^^^ This value is never used

This expression computes a value without any side effects, but then the
value isn't used at all. You might want to assign it to a variable, or
delete the expression entirely if it's not needed.

warning: Unused value
     ┌─ /Users/moses/.herdr/worktrees/RightTenantry/perkins-mobile-layout-1-r3/client/build/packages/wisp/src/wisp.gleam:1360:3
     │  
1360 │ ╭   [
1361 │ │     int.to_string(response.status),
1362 │ │     " ",
1363 │ │     string.uppercase(http.method_to_string(req.method)),
     · │
1367 │ │   |> string.concat
1368 │ │   |> log_info
     │ ╰─────────────^ This value is never used

This expression computes a value without any side effects, but then the
value isn't used at all. You might want to assign it to a variable, or
delete the expression entirely if it's not needed.

warning: Unused value
     ┌─ /Users/moses/.herdr/worktrees/RightTenantry/perkins-mobile-layout-1-r3/client/build/packages/wisp/src/wisp.gleam:2073:7
     │
2073 │       log_warning("Host header missing from request")
     │       ^^^^^^^^^^^^^^^^^^^^^^^^^^^^^^^^^^^^^^^^^^^^^^^ This value is never used

This expression computes a value without any side effects, but then the
value isn't used at all. You might want to assign it to a variable, or
delete the expression entirely if it's not needed.

warning: Unused value
     ┌─ /Users/moses/.herdr/worktrees/RightTenantry/perkins-mobile-layout-1-r3/client/build/packages/wisp/src/wisp.gleam:2099:11
     │
2099 │           log_warning("Origin-host mismatch: " <> host <> " " <> origin)
     │           ^^^^^^^^^^^^^^^^^^^^^^^^^^^^^^^^^^^^^^^^^^^^^^^^^^^^^^^^^^^^^^ This value is never used

This expression computes a value without any side effects, but then the
value isn't used at all. You might want to assign it to a variable, or
delete the expression entirely if it's not needed.

warning: Unused value
    ┌─ /Users/moses/.herdr/worktrees/RightTenantry/perkins-mobile-layout-1-r3/client/build/packages/wisp/src/wisp/wisp_mist.gleam:100:7
    │
100 │       wisp.log_error(string.inspect(error))
    │       ^^^^^^^^^^^^^^^^^^^^^^^^^^^^^^^^^^^^^ This value is never used

This expression computes a value without any side effects, but then the
value isn't used at all. You might want to assign it to a variable, or
delete the expression entirely if it's not needed.

  Compiling tom
  Compiling lustre_dev_tools
warning: Unused value
   ┌─ /Users/moses/.herdr/worktrees/RightTenantry/perkins-mobile-layout-1-r3/client/build/packages/lustre_dev_tools/src/lustre_dev_tools/port.gleam:52:9
   │
52 │         do_send(port, data)
   │         ^^^^^^^^^^^^^^^^^^^ This value is never used

This expression computes a value without any side effects, but then the
value isn't used at all. You might want to assign it to a variable, or
delete the expression entirely if it's not needed.

  Compiling modem
  Compiling plinth
  Compiling rsvp
  Compiling shared
  Compiling client
warning: Unused imported type
   ┌─ /Users/moses/.herdr/worktrees/RightTenantry/perkins-mobile-layout-1-r3/client/src/components/reference_panel.gleam:44:3
   │
44 │   type ReferenceCallStatus, AwaitingCorrection, Calling, CharacterRef, Completed,
   │   ^^^^^^^^^^^^^^^^^^^^^^^^ This imported type is never used

Hint: You can safely remove it.

warning: Unused variable
     ┌─ /Users/moses/.herdr/worktrees/RightTenantry/perkins-mobile-layout-1-r3/client/test/client_test.gleam:6843:18
     │
6843 │   let #(updated, eff) = client.update(m, msg.UserSavedRefcheckEdit("rc-1"))
     │                  ^^^ This variable is never used

Hint: You can ignore it with an underscore: `_eff`.

warning: Unused variable
     ┌─ /Users/moses/.herdr/worktrees/RightTenantry/perkins-mobile-layout-1-r3/client/test/client_test.gleam:6859:18
     │
6859 │   let #(updated, eff) = client.update(m, msg.UserSavedRefcheckEdit("rc-1"))
     │                  ^^^ This variable is never used

Hint: You can ignore it with an underscore: `_eff`.

warning: Unused variable
     ┌─ /Users/moses/.herdr/worktrees/RightTenantry/perkins-mobile-layout-1-r3/client/test/client_test.gleam:6871:18
     │
6871 │   let #(updated, eff) =
     │                  ^^^ This variable is never used

Hint: You can ignore it with an underscore: `_eff`.

warning: Fieldless record update
     ┌─ /Users/moses/.herdr/worktrees/RightTenantry/perkins-mobile-layout-1-r3/client/test/client_test.gleam:6882:11
     │
6882 │   let m = model.Model(..model.initial())
     │           ^^^^^^^^^^^^^^^^^^^^^^^^^^^^^^ This record update doesn't change any fields

Hint: Add some fields to change or replace it with the record itself.

warning: Unused variable
     ┌─ /Users/moses/.herdr/worktrees/RightTenantry/perkins-mobile-layout-1-r3/client/test/client_test.gleam:6941:18
     │
6941 │   let #(updated, eff) =
     │                  ^^^ This variable is never used

Hint: You can ignore it with an underscore: `_eff`.

   Compiled in 0.77s
    Running client_test.main
[32m.[39m[32m.[39m[32m.[39m[32m.[39m[32m.[39m[32m.[39m[32m.[39m[32m.[39m[32m.[39m[32m.[39m[32m.[39m[32m.[39m[32m.[39m[32m.[39m[32m.[39m[32m.[39m[32m.[39m[32m.[39m[32m.[39m[32m.[39m[32m.[39m[32m.[39m[32m.[39m[32m.[39m[32m.[39m[32m.[39m[32m.[39m[32m.[39m[32m.[39m[32m.[39m[32m.[39m[32m.[39m[32m.[39m[32m.[39m[32m.[39m[32m.[39m[32m.[39m[32m.[39m[32m.[39m[32m.[39m[32m.[39m[32m.[39m[32m.[39m[32m.[39m[32m.[39m[32m.[39m[32m.[39m[32m.[39m[32m.[39m[32m.[39m[32m.[39m[32m.[39m[32m.[39m[32m.[39m[32m.[39m[32m.[39m[32m.[39m[32m.[39m[32m.[39m[32m.[39m[32m.[39m[32m.[39m[32m.[39m[32m.[39m[32m.[39m[32m.[39m[32m.[39m[32m.[39m[32m.[39m[32m.[39m[32m.[39m[32m.[39m[32m.[39m[32m.[39m[32m.[39m[32m.[39m[32m.[39m[32m.[39m[32m.[39m[32m.[39m[32m.[39m[32m.[39m[32m.[39m[32m.[39m[32m.[39m[32m.[39m[32m.[39m[32m.[39m[32m.[39m[32m.[39m[32m.[39m[32m.[39m[32m.[39m[32m.[39m[32m.[39m[32m.[39m[32m.[39m[32m.[39m[32m.[39m[32m.[39m[32m.[39m[32m.[39m[32m.[39m[32m.[39m[32m.[39m[32m.[39m[32m.[39m[32m.[39m[32m.[39m[32m.[39m[32m.[39m[32m.[39m[32m.[39m[32m.[39m[32m.[39m[32m.[39m[32m.[39m[32m.[39m[32m.[39m[32m.[39m[32m.[39m[32m.[39m[32m.[39m[32m.[39m[32m.[39m[32m.[39m[32m.[39m[32m.[39m[32m.[39m[32m.[39m[32m.[39m[32m.[39m[32m.[39m[32m.[39m[32m.[39m[32m.[39m[32m.[39m[32m.[39m[32m.[39m[32m.[39m[32m.[39m[32m.[39m[32m.[39m[32m.[39m[32m.[39m[32m.[39m[32m.[39m[32m.[39m[32m.[39m[32m.[39m[32m.[39m[32m.[39m[32m.[39m[32m.[39m[32m.[39m[32m.[39m[32m.[39m[32m.[39m[32m.[39m[32m.[39m[32m.[39m[32m.[39m[32m.[39m[32m.[39m[32m.[39m[32m.[39m[32m.[39m[32m.[39m[32m.[39m[32m.[39m[32m.[39m[32m.[39m[32m.[39m[32m.[39m[32m.[39m[32m.[39m[32m.[39m[32m.[39m[32m.[39m[32m.[39m[32m.[39m[32m.[39m[32m.[39m[32m.[39m[32m.[39m[32m.[39m[32m.[39m[32m.[39m[32m.[39m[32m.[39m[32m.[39m[32m.[39m[32m.[39m[32m.[39m[32m.[39m[32m.[39m[32m.[39m[32m.[39m[32m.[39mServer logout failed; client state cleared locally
[32m.[39m[32m.[39m[32m.[39m[32m.[39m[32m.[39m[32m.[39m[32m.[39m[32m.[39m[32m.[39m[32m.[39m[32m.[39m[32m.[39m[32m.[39m[32m.[39m[32m.[39m[32m.[39m[32m.[39m[32m.[39m[32m.[39m[32m.[39m[32m.[39m[32m.[39m[32m.[39m[32m.[39m[32m.[39m[32m.[39m[32m.[39m[32m.[39m[32m.[39m[32m.[39m[32m.[39m[32m.[39m[32m.[39m[32m.[39m[32m.[39m[32m.[39m[32m.[39m[32m.[39m[32m.[39m[32m.[39m[32m.[39m[32m.[39m[32m.[39m[32m.[39m[32m.[39m[32m.[39m[32m.[39m[32m.[39m[32m.[39m[32m.[39m[32m.[39m[32m.[39m[32m.[39m[32m.[39m[32m.[39m[32m.[39m[32m.[39m[32m.[39m[32m.[39m[32m.[39m[32m.[39m[32m.[39m[32m.[39m[32m.[39m[32m.[39m[32m.[39m[32m.[39m[32m.[39m[32m.[39m[32m.[39m[32m.[39m[32m.[39m[32m.[39m[32m.[39m[32m.[39m[32m.[39m[32m.[39m[32m.[39m[32m.[39m[32m.[39m[32m.[39m[32m.[39m[32m.[39m[32m.[39m[32m.[39m[32m.[39m[32m.[39m[32m.[39m[32m.[39m[32m.[39m[32m.[39m[32m.[39m[32m.[39m[32m.[39m[32m.[39m[32m.[39m[32m.[39m[32m.[39m[32m.[39m[32m.[39m[32m.[39m[32m.[39m[32m.[39m[32m.[39m[32m.[39m[32m.[39m[32m.[39m[32m.[39m[32m.[39m[32m.[39m[32m.[39m[32m.[39m[32m.[39m[32m.[39m[32m.[39m[32m.[39m[32m.[39m[32m.[39m[32m.[39m[32m.[39m[32m.[39m[32m.[39m[32m.[39m[32m.[39m[32m.[39m[32m.[39m[32m.[39m[32m.[39m[32m.[39m[32m.[39m[32m.[39m[32m.[39m[32m.[39m[32m.[39m[32m.[39m[32m.[39m[32m.[39m[32m.[39m[32m.[39m[32m.[39m[32m.[39m[32m.[39m[32m.[39m[32m.[39m[32m.[39m[32m.[39m[32m.[39m[32m.[39m[32m.[39m[32m.[39m[32m.[39m[32m.[39m[32m.[39m[32m.[39m[32m.[39m[32m.[39m[32m.[39m[32m.[39m[32m.[39m[32m.[39m[32m.[39m[32m.[39m[32m.[39m[32m.[39m[32m.[39m[32m.[39m[32m.[39m[32m.[39m[32m.[39m[32m.[39m[32m.[39m[32m.[39m[32m.[39m[32m.[39m[32m.[39m[32m.[39m[32m.[39m[32m.[39m[32m.[39m[32m.[39m[32m.[39m[32m.[39m[32m.[39m[32m.[39m[32m.[39m[32m.[39m[32m.[39m[32m.[39m[32m.[39m[32m.[39m[32m.[39m[32m.[39m[32m.[39m[32m.[39m[32m.[39m[32m.[39m[32m.[39m[32m.[39m[32m.[39m[32m.[39m[32m.[39m[32m.[39m[32m.[39m[32m.[39m[32m.[39m[32m.[39m[32m.[39m[32m.[39m[32m.[39m[32m.[39m[32m.[39m[32m.[39m[32m.[39m[32m.[39m[32m.[39m[32m.[39m[32m.[39m[32m.[39m[32m.[39m[32m.[39m[32m.[39m[32m.[39m[32m.[39m[32m.[39m[32m.[39m[32m.[39m[32m.[39m[32m.[39m[32m.[39m[32m.[39m[32m.[39m[32m.[39m[32m.[39m[32m.[39m[32m.[39m[32m.[39m[32m.[39m[32m.[39m[32m.[39m[32m.[39m[32m.[39m[32m.[39m[32m.[39m[32m.[39m[32m.[39m[32m.[39m[32m.[39m[32m.[39m[32m.[39m[32m.[39m[32m.[39m[32m.[39m[32m.[39m[32m.[39m[32m.[39m[32m.[39m[32m.[39m[32m.[39m[32m.[39m[32m.[39m[32m.[39m[32m.[39m[32m.[39m[32m.[39m[32m.[39m[32m.[39m[32m.[39m[32m.[39m[32m.[39m[32m.[39m[32m.[39m[32m.[39m[32m.[39m[32m.[39m[32m.[39m[32m.[39m[32m.[39m[32m.[39m[32m.[39m[32m.[39m[32m.[39m[32m.[39m[32m.[39m[32m.[39m[32m.[39m[32m.[39m[32m.[39m[32m.[39m[32m.[39m[32m.[39m[32m.[39m[32m.[39m[32m.[39m[32m.[39m[32m.[39m[32m.[39m[32m.[39m[32m.[39m[32m.[39m[32m.[39m[32m.[39m[32m.[39m[32m.[39m[32m.[39m[32m.[39m[32m.[39m[32m.[39m[32m.[39m[32m.[39m[32m.[39m[32m.[39m[32m.[39m[32m.[39m[32m.[39m[32m.[39m[32m.[39m[32m.[39m[32m.[39m[32m.[39m[32m.[39m[32m.[39m[32m.[39m[32m.[39m[32m.[39m[32m.[39m[32m.[39m[32m.[39m[32m.[39m[32m.[39m[32m.[39m[32m.[39m[32m.[39m[32m.[39m[32m.[39m[32m.[39m[32m.[39m[32m.[39m[32m.[39m[32m.[39m[32m.[39m[32m.[39m[32m.[39m[32m.[39m[32m.[39m[32m.[39m[32m.[39m[32m.[39m[32m.[39m[32m.[39m[32m.[39m[32m.[39m[32m.[39m[32m.[39m[32m.[39m[32m.[39m[32m.[39m[32m.[39m[32m.[39m[32m.[39m[32m.[39m[32m.[39m[32m.[39m[32m.[39m[32m.[39m[32m.[39m[32m.[39m[32m.[39m[32m.[39m[32m.[39m[32m.[39m[32m.[39m[32m.[39m[32m.[39m[32m.[39m[32m.[39m[32m.[39m[32m.[39m[32m.[39m[32m.[39m[32m.[39m[32m.[39m[32m.[39m[32m.[39m[32m.[39m[32m.[39m[32m.[39m[32m.[39m[32m.[39m[32m.[39m[32m.[39m[32m.[39m[32m.[39m[32m.[39m[32m.[39m[32m.[39m[32m.[39m[32m.[39m[32m.[39m[32m.[39m[32m.[39m[32m.[39m[32m.[39m[32m.[39m[32m.[39m[32m.[39m[32m.[39m[32m.[39m[32m.[39m[32m.[39m[32m.[39m[32m.[39m[32m.[39m[32m.[39m[32m.[39m[32m.[39m[32m.[39m[32m.[39m[32m.[39m[32m.[39m[32m.[39m[32m.[39m[32m.[39m[32m.[39m[32m.[39m[32m.[39m[32m.[39m[32m.[39m[32m.[39m[32m.[39m[32m.[39m[32m.[39m[32m.[39m[32m.[39m[32m.[39m[32m.[39m[32m.[39m[32m.[39m[32m.[39m[32m.[39m[32m.[39m[32m.[39m[32m
640 passed, no failures[39m
