[
  {
    "source": "blind",
    "severity": "warning",
    "category": "malformed-diff",
    "title": "Duplicate diff --git header for goldens/audio.t1 — diff text is concatenated or malformed",
    "location": "goldens/audio.t1:diff header (top of chunk)",
    "evidence": "diff --git a/goldens/audio.t1 b/goldens/audio.t1\ndiff --git a/goldens/audio.t1 b/goldens/audio.t1\nindex f9f922f..4528a77 100644",
    "detail": "A unified diff contains exactly one diff --git line per path. Two identical headers with a single index/hunk indicate overlapping fragments or a duplicated header from the chunking tool. If applied literally, git apply sees a second hunkless entry for the same path.",
    "recommended_fix": "Regenerate the diff so goldens/audio.t1 appears exactly once, and confirm big-diff chunk boundaries do not duplicate file headers."
  },
  {
    "source": "blind",
    "severity": "note",
    "category": "hunk-header",
    "title": "Hunk header -3,1405 begins at 'demo audio', implying an unshown line between 't1 1' and the hunk",
    "location": "goldens/audio.t1:@@ -3,1405 +3,1405 @@",
    "evidence": "@@ -3,1405 +3,1405 @@ t1 1\ndemo audio\nseed 4243\nlogic_hz 20",
    "detail": "If the hunk starts at line 3, 'demo audio' is line 3, so a line between 't1 1' and 'demo audio' (e.g. a leading blank line) is absent from the visible diff; otherwise the start line is off by one. The offset is mirrored on both sides, so content pairing is unaffected.",
    "recommended_fix": "Confirm the file begins with a blank line, or correct the hunk start line so the numbering matches the visible context content."
  },
  {
    "source": "blind",
    "severity": "note",
    "category": "verification-gap",
    "title": "catalog_hash and all 1400 tick hashes change with no regeneration evidence inside the diff",
    "location": "goldens/audio.t1:header lines (seed/logic_hz/ticks/catalog_hash)",
    "evidence": "-catalog_hash 66c4324a06058860\n+catalog_hash 250679b1940fb87b\nseed 4243\nlogic_hz 20\nticks 1400",
    "detail": "The re-bless keeps seed 4243, logic_hz 20, and ticks 1400 identical while replacing every tick hash and the catalog_hash. Nothing in the chunk lets a reviewer verify the new catalog_hash corresponds to the new tick list, or that the regeneration was deterministic.",
    "recommended_fix": "Include the regeneration command or a self-consistency check (e.g. catalog_hash recomputed from the new ticks) so the re-bless is reproducible and auditable."
  }
]
