[
  {
    "source": "blind",
    "severity": "warning",
    "category": "unverifiable-churn",
    "title": "Wholesale tick-hash churn with no source change in the chunk makes the re-bless unverifiable",
    "location": "goldens/*.t1 (all 8 files)",
    "evidence": "-catalog_hash 66c4324a06058860\n+catalog_hash 250679b1940fb87b\n-1 13c6e731202cec69\n+1 5080b0ac71e0749f",
    "detail": "Every tick hash in all 8 files changed (~2,000 lines); zero non-golden lines tie the new hashes to a specific catalog change. Engine drift or nondeterministic regeneration would produce the same diff shape. Preserved controls: demo/seed/logic_hz/ticks.",
    "recommended_fix": "Confirm goldens were regenerated by the same engine with only the catalog change; run hash-stability reruns; cross-check the catalog source diff in another chunk."
  },
  {
    "source": "blind",
    "severity": "note",
    "category": "diff-format",
    "title": "Duplicated diff header lines for every file in the chunk",
    "location": "goldens/health_lose.t1 (repeated for all 8 files)",
    "evidence": "diff --git a/goldens/health_lose.t1 b/goldens/health_lose.t1\ndiff --git a/goldens/health_lose.t1 b/goldens/health_lose.t1",
    "detail": "Each of the 8 files shows its diff --git header twice. Likely a chunking paste artifact, but as presented the patch is malformed; if present in the actual PR diff, patch tooling will reject it.",
    "recommended_fix": "Emit each file header once; regenerate the chunk from clean git diff output before merging."
  },
  {
    "source": "blind",
    "severity": "note",
    "category": "dead-tail",
    "title": "Asymmetric identical terminal-state tails across demos",
    "location": "goldens/health_lose.t1:457-480; goldens/win.t1:47-60; goldens/lose.t1:61-64",
    "evidence": "+457 da2f9ef7324c79c8\n+458 da2f9ef7324c79c8\n+479 da2f9ef7324c79c8\n+480 da2f9ef7324c79c8\n+47 ed376e566fa42e8c\n+60 ed376e566fa42e8c\n+61 0ebe3ba1c18c112e\n+64 0ebe3ba1c18c112e",
    "detail": "Terminal states freeze for 24 ticks (health_lose), 14 (win), 4 (lose). Boundaries are unchanged from the old goldens, so not introduced here, but the wide asymmetry suggests fixed-duration runs past terminal; confirm intentional.",
    "recommended_fix": "If goldens are meant to stop at terminal state, truncate the dead tail; otherwise document the fixed tick budget per demo."
  },
  {
    "source": "blind",
    "severity": "note",
    "category": "invariant",
    "title": "Re-bless is structurally faithful: only catalog_hash and tick hashes changed",
    "location": "goldens/*.t1 (all 8 files)",
    "evidence": " demo health_lose\n seed 4243\n logic_hz 20\n-catalog_hash 66c4324a06058860\n+catalog_hash 250679b1940fb87b\n ticks 480",
    "detail": "All 8 files moved to the identical new catalog_hash; demo/seed/logic_hz/ticks and freeze boundaries (457/480, 47/60, 61/64) preserved; hunk line counts (3,485/3,675/3,17/3,65/3,69) equal context+hash+ticks exactly. No partial updates, no drift.",
    "recommended_fix": "None — consistency checks pass; keep paired with the source catalog change when merging."
  }
]
