== raylib-sw build (tag 6.0) ==
-- fetching raylib 6.0 source
Cloning into '/tmp/pp-r2-mergetest/tools/raylib-sw/src'...
Note: switching to 'dbc56a87da87d973a9c5baa4e7438a9d20121d28'.

You are in 'detached HEAD' state. You can look around, make experimental
changes and commit them, and you can discard any commits you make in this
state without impacting any branches by switching back to a branch.

If you want to create a new branch to retain commits you create, you may
do so (now or later) by using -c with the switch command. Example:

  git switch -c <new-branch-name>

Or undo this operation with:

  git switch -

Turn off this advice by setting config variable advice.detachedHead to false

-- compiling (PLATFORM_MEMORY + GRAPHICS_API_OPENGL_SOFTWARE)
-- generating shadow root at /tmp/pp-r2-mergetest/tools/raylib-sw/shadow
== done. Build the harness with:
   ODIN_ROOT=/tmp/pp-r2-mergetest/tools/raylib-sw/shadow odin build harness -out:bin/harness
  PASS warn                 ticks=1500
  PASS boot                 ticks=100
  FAIL health_lose
    - T2 5000ms: 403/921600 pixels differ (bbox [471, 353, 626, 388]) — diff bundle at goldens/_reports/health_lose/latest/05000ms
    - T2 21000ms: 1782/921600 pixels differ (bbox [408, 14, 824, 386]) — diff bundle at goldens/_reports/health_lose/latest/21000ms
    - T2 23000ms: 1662/921600 pixels differ (bbox [408, 353, 621, 388]) — diff bundle at goldens/_reports/health_lose/latest/23000ms
  PASS health_win           ticks=3040
  PASS flow                 ticks=60
  PASS qos                  ticks=1500
  FAIL juice
    - T2 30000ms: 6788/921600 pixels differ (bbox [223, 150, 983, 603]) — diff bundle at goldens/_reports/juice/latest/30000ms
    - T2 65000ms: 12311/921600 pixels differ (bbox [229, 13, 984, 598]) — diff bundle at goldens/_reports/juice/latest/65000ms
    - T1: catalog drift — manifest 7dbddfc189670ba0 vs current 66c4324a06058860 (re-bless deliberately)
    - T1: STATE DIVERGENCE at tick 1: 41b50ae1d09a7229 != golden 8ce6a7f5a38270df
  FAIL forecast_preview
    - T2 30000ms: 2514/921600 pixels differ (bbox [515, 266, 1181, 479]) — diff bundle at goldens/_reports/forecast_preview/latest/30000ms
    - T2 31000ms: 2531/921600 pixels differ (bbox [512, 266, 1263, 476]) — diff bundle at goldens/_reports/forecast_preview/latest/31000ms
    - T2 32000ms: 2410/921600 pixels differ (bbox [515, 266, 1113, 484]) — diff bundle at goldens/_reports/forecast_preview/latest/32000ms
    - T2 33000ms: 2524/921600 pixels differ (bbox [456, 266, 1181, 445]) — diff bundle at goldens/_reports/forecast_preview/latest/33000ms
  PASS demolish_node        ticks=100
  FAIL surge
    - T2 30000ms: 1687/921600 pixels differ (bbox [408, 353, 632, 388]) — diff bundle at goldens/_reports/surge/latest/30000ms
    - T2 65000ms: 294/921600 pixels differ (bbox [464, 368, 632, 388]) — diff bundle at goldens/_reports/surge/latest/65000ms
    - T2 119500ms: 218/921600 pixels differ (bbox [464, 368, 632, 388]) — diff bundle at goldens/_reports/surge/latest/119500ms
  PASS demolish_bundle      ticks=80
  FAIL pause
    - T2 65000ms: 253/921600 pixels differ (bbox [470, 368, 632, 388]) — diff bundle at goldens/_reports/pause/latest/65000ms
    - T2 80000ms: 316/921600 pixels differ (bbox [369, 362, 632, 388]) — diff bundle at goldens/_reports/pause/latest/80000ms
  PASS router_ceiling       ticks=80
  PASS growth               ticks=1800
  PASS ecmp_cost            ticks=40
  PASS qos_emphasis         ticks=300
  PASS audio                ticks=1400
  PASS qos_manual           ticks=300
  PASS win                  ticks=60
  PASS router_tiers         ticks=80
  PASS draw                 ticks=60
  PASS audio_throttle       ticks=80
  PASS bundle               ticks=70
  PASS lose                 ticks=64
  PASS qos_contention       ticks=240
  PASS qos_auto             ticks=300
  PASS place                ticks=80
  PASS ecmp                 ticks=80
  PASS node_health          ticks=420
  PASS sla                  ticks=240
  FAIL forecast_shift
    - T2 1300ms: 382/921600 pixels differ (bbox [618, 297, 1208, 312]) — diff bundle at goldens/_reports/forecast_shift/latest/01300ms
    - T2 2800ms: 566/921600 pixels differ (bbox [618, 297, 1208, 436]) — diff bundle at goldens/_reports/forecast_shift/latest/02800ms
  PASS demolish             ticks=80
harness: 6 demo(s) FAILED
INFO: RLSW: Software renderer initialized successfully
GATE4_EXIT=1
