== raylib-sw build (tag 6.0) ==
-- fetching raylib 6.0 source
Cloning into '/Users/moses/.herdr/worktrees/packet-plumber/perkins-packet-plumber-v2-spawn-feel-r4/tools/raylib-sw/src'...
Note: switching to 'dbc56a87da87d973a9c5baa4e7438a9d20121d28'.

You are in 'detached HEAD' state. You can look around, make experimental
changes and commit them, and you can discard any commits you make in this
state without impacting any branches by switching back to a branch.

If you want to create a new branch to retain commits you create, you may
do so (now or later) by using -c with the switch command. Example:

  git switch -c <new-branch-name>

Or undo this operation with:

  git switch -

Turn off this advice by setting config variable advice.detachedHead to false

-- compiling (PLATFORM_MEMORY + GRAPHICS_API_OPENGL_SOFTWARE)
-- generating shadow root at /Users/moses/.herdr/worktrees/packet-plumber/perkins-packet-plumber-v2-spawn-feel-r4/tools/raylib-sw/shadow
== done. Build the harness with:
   ODIN_ROOT=/Users/moses/.herdr/worktrees/packet-plumber/perkins-packet-plumber-v2-spawn-feel-r4/tools/raylib-sw/shadow odin build harness -out:bin/harness
  PASS a11y_reduced         ticks=1400
  PASS warn                 ticks=1500
  PASS boot                 ticks=100
  PASS health_lose          ticks=480
  PASS health_win           ticks=3040
  PASS flow                 ticks=60
  PASS audio_spawn          ticks=600
  PASS a11y_protan          ticks=1400
  PASS qos                  ticks=1500
  PASS juice                ticks=1400
  PASS terminal_types       ticks=640
  PASS a11y_deutan          ticks=1400
  PASS spawn_feel           ticks=320
  PASS forecast_preview     ticks=670
  PASS demolish_node        ticks=100
  PASS surge                ticks=4000
  PASS advance_block_legacy ticks=1400
  PASS advance_fire         ticks=1400
  PASS demolish_bundle      ticks=80
  PASS pause                ticks=2000
  PASS a11y_scale           ticks=1400
  PASS router_ceiling       ticks=80
  PASS era_advance          ticks=1200
  PASS growth               ticks=1800
  PASS ecmp_cost            ticks=40
  PASS motion               ticks=60
  PASS qos_emphasis         ticks=300
  PASS audio                ticks=1400
  PASS qos_manual           ticks=300
  PASS advance_block_sla    ticks=1400
  PASS win                  ticks=60
  PASS router_tiers         ticks=80
  PASS legacy_modernized    ticks=1400
  PASS draw                 ticks=60
  PASS audio_throttle       ticks=80
  PASS bundle               ticks=70
  PASS lose                 ticks=64
  PASS a11y_tritan          ticks=1400
  PASS qos_contention       ticks=240
  PASS qos_auto             ticks=300
  PASS place                ticks=80
  PASS ecmp                 ticks=80
  PASS legacy_decay         ticks=1400
  PASS node_health          ticks=420
  PASS sla                  ticks=240
  PASS estate_surge         ticks=1800
  PASS forecast_shift       ticks=58
  PASS demolish             ticks=80
harness: 48 demo(s) green
INFO: RLSW: Software renderer initialized successfully
