```json
[
  {
    "source": "acceptance",
    "severity": "warning",
    "category": "tests",
    "title": "Golden file hash update verification",
    "location": "goldens/router_tiers.t1:3",
    "evidence": "--- a/goldens/router_tiers.t1\n+++ b/goldens/router_tiers.t1\n@@ -3,85 +3,85 @@ t1 1\n demo router_tiers\n seed 42\n logic_hz 20\n-catalog_hash 66c4324a06058860\n+catalog_hash 250679b1940fb87b\nticks 80",
    "detail": "The diff updates the catalog_hash in golden files, which supports the 'Replay + goldens' acceptance criterion by proving the catalog fold.",
    "recommended_fix": "No fix needed; this change correctly reflects the documented catalog fold proof."
  },
  {
    "source": "acceptance",
    "severity": "note",
    "category": "coverage-gap",
    "title": "Missing verification of core implementation code changes",
    "location": "N/A",
    "evidence": "The provided diffs only modify golden T1 files (router_tiers.t1, place.t1, ecmp.t1, etc.) and do not show changes to core/catalog.odin, core/flow.odin, or data/*.json files.",
    "detail": "The spec requires changes to several core code touchpoints (enums, selectors) and data files which are not present in this diff.",
    "recommended_fix": "Ensure the PR includes all required code changes to `core/catalog.odin`, `core/flow.odin`, and data files before final review."
  },
  {
    "source": "acceptance",
    "severity": "note",
    "category": "tests",
    "title": "Missing validation of distinct demand profiles",
    "location": "N/A",
    "evidence": "The diffs do not provide evidence of the implemented logic for 'Bounded, distinct demand' or 'Growth validity'.",
    "detail": "Acceptance criteria regarding bounded demand profiles and growth validity must be verified against the live implementation, not just golden file updates.",
    "recommended_fix": "Verify that the implementation logic in `core/growth.odin` and data files correctly enforces the distinct, bounded demand profiles."
  }
]
```
