```json
[
  {
    "source": "codebase",
    "severity": "note",
    "category": "testing-rules",
    "title": "Golden file structure updates",
    "location": "goldens/router_tiers.t1 | 3-80",
    "evidence": "diff --git a/goldens/router_tiers.t1 b/goldens/router_tiers.t1\nindex 7dccfd4..5703e8c 100644\n--- a/goldens/router_tiers.t1\n+++ b/goldens/router_tiers.t1\n@@ -3,85 +3,85 @@ t1 1\n demo router_tiers\n seed 42\n logic_hz 20\n-catalog_hash 66c4324a06058860\n+catalog_hash 250679b1940fb87b\n ticks 80\n-1 eaf03b953d5ed728\n-2 0a1cc06ee1f6d269\n+1 6e1937dd469014b6\n... (truncated for brevity)\n+80 63c1d8445f21e594",
    "detail": "Updating catalog_hash across multiple golden files suggests brittle test data management. This coupling increases maintenance overhead.",
    "recommended_fix": "Centralize the hash update logic in a single fixture generator or script rather than scattering it across all golden files."
  },
  {
    "source": "testing-rules",
    "severity": "note",
    "category": "coverage-gap",
    "title": "Test data dependency on specific hash changes",
    "location": "goldens/router_tiers.t1 | 3-80",
    "evidence": "diff --git a/goldens/router_tiers.t1 b/goldens/router_tiers.t1\nindex 7dccfd4..5703e8c 100644\n--- a/goldens/router_tiers.t1\n+++ b/goldens/router_tiers.t1\n@@ -3,85 +3,85 @@ t1 1\n demo router_tiers\n seed 42\n logic_hz 20\n-catalog_hash 66c4324a06058860\n+catalog_hash 250679b1940fb87b\n ticks 80",
    "detail": "The tests rely on byte-identical golden files. Changes to the hash in these files represent potential hidden regressions if not managed strictly.",
    "recommended_fix": "Ensure the golden file generation process is fully automated and version-controlled to guarantee hash consistency upon any state change."
  },
  {
    "source": "architecture",
    "severity": "warning",
    "category": "coupling",
    "title": "Test data coupling with state structure",
    "location": "goldens/router_tiers.t1 | 3-80",
    "evidence": "--- a/goldens/router_tiers.t1\n+++ b/goldens/router_tiers.t1\n@@ -3,85 +3,85 @@ t1 1\n demo router_tiers\n seed 42\n logic_hz 20\n-catalog_hash 66c4324a06058860\n+catalog_hash 250679b1940fb87b\n ticks 80",
    "detail": "The golden data files are directly tied to the internal state representation (hash). This suggests that testing concerns are leaking into data configuration.",
    "recommended_fix": "Isolate golden file state management from core state definitions, relying on invariants to maintain consistency rather than data hash matching."
  }
]
```
