```json
[
  {
    "source": "blind",
    "severity": "warning",
    "category": "data_change",
    "title": "Ubiquitous catalog hash replacement",
    "location": "goldens/router_tiers.t1:3 | goldens/router_tiers.t1:20 | goldens/router_ceiling.t1:3 | goldens/router_ceiling.t1:20 | goldens/ecmp.t1:3 | goldens/ecmp.t1:20 | goldens/demolish.t1:3 | goldens/demolish.t1:20 | goldens/demolish_bundle.t1:3 | goldens/boot.t1:3 | goldens/forecast_shift.t1:3",
    "evidence": "--- a/goldens/router_tiers.t1\n+++ b/goldens/router_tiers.t1\n@@ -3,85 +3,85 @@ t1 1\n demo router_tiers\n seed 42\n logic_hz 20\n-catalog_hash 66c4324a06058860\n+catalog_hash 250679b1940fb87b\nticks 80",
    "detail": "The `catalog_hash` is universally replaced across all files. This implies a complete, undocumented overhaul of underlying data references without context for why these new hashes are correct.",
    "recommended_fix": "Document the source or generation logic for these new hashes. If this is a migration, ensure all consumers are updated synchronously."
  },
  {
    "source": "blind",
    "severity": "warning",
    "category": "data_structure",
    "title": "Massive, opaque data replacement",
    "location": "goldens/router_tiers.t1:4-80 | goldens/router_ceiling.t1:4-80 | goldens/ecmp.t1:4-80 | goldens/demolish.t1:4-80 | goldens/demolish_bundle.t1:4-80 | goldens/boot.t1:4-100 | goldens/forecast_shift.t1:4-80",
    "evidence": "Example from router_tiers.t1:\n-1 eaf03b953d5ed728\n... (many lines omitted) ...\n+1 6e1937dd469014b6\n... (many lines omitted) ...\n+80 63c1d8445f21e594",
    "detail": "The massive blocks of line number mappings are completely replaced. This suggests a high-risk, undocumented structural change to the data used by these modules.",
    "recommended_fix": "Verify that all replaced mappings are correctly preserved and that no critical index or reference is accidentally broken by this bulk replacement."
  },
  {
    "source": "blind",
    "severity": "note",
    "category": "style",
    "title": "Inconsistent hunk formatting",
    "location": "goldens/router_tiers.t1:3-85 | goldens/router_ceiling.t1:3-85",
    "evidence": "The replacement block starts on line 3 and ends on line 85 for both files, with identical context lines prior to the change.",
    "detail": "The formatting of the diffs is inconsistent across the files, though this is minor. It suggests different authors or different stages of review for these components.",
    "recommended_fix": "Standardize the diff presentation style across all related files for consistency."
  }
]
```
