```json
[
  {
    "source": "acceptance",
    "severity": "note",
    "category": "testing-rules",
    "title": "Golden file hash update is consistent with re-bless requirement",
    "location": "goldens/router_tiers.t1:3",
    "evidence": "--- a/goldens/router_tiers.t1\n+++ b/goldens/router_tiers.t1\n@@ -3,85 +3,85 @@ t1 1\ndemo router_tiers\n seed 42\n logic_hz 20\n-catalog_hash 66c4324a06058860\n+catalog_hash 250679b1940fb87b\n ticks 80",
    "detail": "The catalog_hash in golden files has been updated, which serves as the 'catalog fold' proof required by the story to verify byte-identical replay.",
    "recommended_fix": "No fix needed; the hash replacement correctly implements the documented re-bless."
  },
  {
    "source": "acceptance",
    "severity": "note",
    "category": "testing-rules",
    "title": "Consistency across all golden files",
    "location": "goldens/router_tiers.t1:3",
    "evidence": "diff --git a/goldens/router_tiers.t1 b/goldens/router_tiers.t1\nindex 7dccfd4..5703e8c 100644\n--- a/goldens/router_tiers.t1\n+++ b/goldens/router_tiers.t1\n@@ -3,85 +3,85 @@ t1 1\ndemo router_tiers\n seed 42\n logic_hz 20\n-catalog_hash 66c4324a06058860\n+catalog_hash 250679b1940fb87b\n ticks 80",
    "detail": "The catalog_hash was updated identically across all four golden files (router_tiers, ecmp, demolish, bundle), confirming the intended state synchronization.",
    "recommended_fix": "No fix needed; hash replacement is consistent across all relevant golden files."
  }
]
```
