[
  {
    "source": "architecture",
    "severity": "note",
    "category": "coupling",
    "title": "Missing validation for new terminal role enum stability",
    "location": "goldens/router_tiers.t1:1-80",
    "evidence": "--- a/goldens/router_tiers.t1\n+++ b/goldens/router_tiers.t1\n@@ -3,85 +3,85 @@ t1 1\n demo router_tiers\n seed 42\n logic_hz 20\n-catalog_hash 66c4324a06058860\n+catalog_hash 250679b1940fb87b\nticks 80\n-1 eaf03b953d5ed728\n... (many lines omitted) ...\n+80 c15ccb77bbb17cf2",
    "detail": "The diff updates golden state hashes and tick counts across multiple files, confirming a re-bless. However, it doesn't explicitly show the guard ensuring that the new enum variants are correctly appended without corrupting older serialized byte structures in core code.",
    "recommended_fix": "Add a check in the catalog loading logic to verify that serialized role bytes remain stable after append operations."
  },
  {
    "source": "codebase",
    "severity": "warning",
    "category": "boundary",
    "title": "Unhandled path for campus demand profile application",
    "location": "data/demand.json (implied)",
    "evidence": "The spec requires: 'streaming' from **campus** → residential, volume 1 (campuses flood; bounded by their 2.5 cap — the ×10 surge lands on campuses too, the honest aggregation event)', and 'test_terminal_class_profiles' pins the spectrum.",
    "detail": "The diffs only show data structure changes, not the logic within `growth_terminal_roster` or the 5.9 accumulator that applies these new, distinct demand profiles to ensure campus/home behavior.",
    "recommended_fix": "Verify that the consumption logic in `growth_terminal_roster` correctly uses the new per-type throughput/volume fields to calculate the uniform 5.9 accumulator."
  },
  {
    "source": "tests",
    "severity": "note",
    "category": "coverage-gap",
    "title": "Lack of explicit test for era-gated terminal spawning",
    "location": "core/growth.odin (implied)",
    "evidence": "The spec requires: 'Era gating: small_biz unlocks at era 2, campus at era 3 — `growth_terminal_roster` spawns the era-unlocked subset, pinned by `test_growth_era_gating`.'",
    "detail": "There is no explicit mention or evidence of a test verifying the strict era-gating logic that restricts spawning based on `Terminal_Role` and current era.",
    "recommended_fix": "Implement a specific test case within `test_growth_era_gating` that asserts only the expected set of terminal types are spawned for Era 2 and Era 3."
  },
  {
    "source": "tests",
    "severity": "warning",
    "category": "acceptance",
    "title": "Missing check for distinct sprite rendering (E9.1)",
    "location": "app/render/sprites.odin, app/render/view.odin (implied)",
    "evidence": "The spec requires: 'assert it in a golden: **a T2 frame with ALL THREE types visible** (the card's named golden)' and 'Distinct shape/icon per type — the sprites do this; assert it in a golden'.",
    "detail": "The diffs affect the data, but there is no visible guard in the provided change set ensuring that rendering logic correctly maps 'campus' to its distinct sprite and not a fallback primitive.",
    "recommended_fix": "Add an assertion in the T2 golden frame to verify that the rendering system correctly distinguishes between 'home', 'small_biz', and 'campus' sprites."
  }
]
