7.1 palette-presence gate:
  PASS house roof coral                   (52 px)
  PASS house roof gold                    (52 px)
  PASS house roof sage                    (32 px)
  PASS house roof sky                     (26 px)
  PASS host roof                          (34 px)
  PASS host wall band (B1 canary)         (182 px)
  PASS puck LEDs (tone band)              (19 px)
  PASS puck hardware tone                 (351 px)
  PASS small_biz sprite (5.11 office)     (60 px)
  PASS campus sprite (5.11 campus, tone band) (87 px)
  PASS type chips: residential triangle   (36 px)
  PASS type chips: small_biz rect         (64 px)
  PASS type chips: campus block+tower     (28 px)
  PASS type chips: host play-mark         (17 px)
  PASS mid puck tier wash renders         (48 px)
  PASS mid tier ring renders              (68 px)
  PASS basic tier ring renders            (64 px)
  PASS high tier ring renders             (80 px)
  PASS sprite index: content_host -> host (4) (4 px)
  PASS sprite index: small_biz -> office sprite (9) (9 px)
  PASS sprite index: campus -> campus sprite (10) (10 px)
  PASS sprite index: residential -> house variant (id%4) (0 px)
  PASS map water (D9 world water cells)   (252455 px)
  PASS map land (D9 warm land tint)       (284164 px)
  PASS map paper (D9 canvas margins + UI) (221483 px)
  PASS map parks (D9 green blobs)         (73225 px)
  PASS map coast (D9 sand edge)           (7596 px)
  PASS banner border == crisis_banner_rect (1041 px)
  PASS map identity (seed 7 cells pin; observed d03ebf022c03ac98) (-3441103049215202152 px)
  PASS map same-seed stability (fresh regen == fresh regen) (-3441103049215202152 px)
  PASS map seed sensitivity (seed 8 65e1fc407d8f7232 != seed 7) (7341426221505278514 px)
  PASS laneless frame (leg 0: no express-stripe amber) (0 px)
  PASS tier hue renders (leg 0: gold wide wire) (1998 px)
  PASS standard stroke present at the scan column (leg 0) (0 px)
  PASS stroke width == ladder table (leg 0: measured 10.0 px vs table 10.8 px) (100 px)
  PASS covenant at pixels (leg 0: stroke 10.0 <= cap 31.2) (100 px)
  PASS laneless frame (leg 1: no express-stripe amber) (0 px)
  PASS tier hue renders (leg 1: gold wide wire) (467 px)
  PASS standard stroke present at the scan column (leg 1) (0 px)
  PASS stroke width == ladder table (leg 1: measured 4.0 px vs table 4.5 px) (40 px)
  PASS covenant at pixels (leg 1: stroke 4.0 <= cap 10.4) (40 px)
  PASS laneless frame (leg 2: no express-stripe amber) (0 px)
  PASS tier hue renders (leg 2: gold wide wire) (458 px)
  PASS standard stroke present at the scan column (leg 2) (0 px)
  PASS stroke width == ladder table (leg 2: measured 4.0 px vs table 3.2 px) (40 px)
  PASS covenant at pixels (leg 2: stroke 4.0 <= cap 5.0) (40 px)
  PASS house presence at ACCESS (intimate sprites) (2427 px)
  PASS toward-space shrink is monotone (2427 > 285 > 67) (67 px)
  PASS the shrink is HONEST (access 2427 vs core 67 — the ladder factor, not AA noise) (2427 px)
  PASS the intimate ACCESS diorama is dark (no dusk glow) (0 px)
  PASS dusk lights leg 1 (the predicted warm blend) (258 px)
  PASS dusk lights leg 2 (the predicted warm blend) (118 px)
  PASS the DC anchor glows COOL at CORE (the predicted blue blend) (150 px)
  PASS a congested building's light shifts warm-amber (the predicted blend) (124 px)
  PASS the shifted light is NOT the pure warm blend (the shift is real) (0 px)
  PASS a11y separation (deutan; min sim-dist 52.8) (5276 px)
  PASS a11y deutan route_tie unremapped (base violet survives) (326 px)
  PASS a11y deutan state-critical renders (1041 px)
  PASS a11y deutan map water renders      (252455 px)
  PASS a11y deutan map park renders       (73225 px)
  PASS a11y deutan base water absent (restyled) (0 px)
  PASS a11y separation (protan; min sim-dist 54.8) (5480 px)
  PASS a11y protan route_tie unremapped (base violet survives) (326 px)
  PASS a11y protan state-critical renders (1041 px)
  PASS a11y protan map water renders      (252455 px)
  PASS a11y protan map park renders       (73225 px)
  PASS a11y protan base water absent (restyled) (0 px)
  PASS a11y separation (tritan; min sim-dist 53.5) (5345 px)
  PASS a11y tritan route_tie unremapped (base violet survives) (326 px)
  PASS a11y tritan state-critical renders (1041 px)
  PASS a11y tritan map water renders      (252455 px)
  PASS a11y tritan map park renders       (73225 px)
  PASS a11y tritan base water absent (restyled) (0 px)
  PASS tie preview arms the split node (ECMP diamond) (1 px)
  PASS tie ring drawn set == tie_dash_on (drawn 18 of 36, mismatches 0 — a solid-ring revert renders the full fan) (18 px)
  PASS section-6 geometry premisses (1280x720, ui_scale 1, hud identity): 1280x720 scale 1 (1280 px)
  PASS unfed health bar reads RAW exactly (76% -> ~182 fill px, got 181 — the capture-path byte-identity) (181 px)
  PASS mid-ease fill sits at the EASE16-predicted edge (~213 px at phase 4, got 212; raw would be 182 — an easing bypass fails here) (212 px)
  PASS chunk ghost blends over the track while the cue lives (track-dist 33 at the band's tail) (33 px)
  PASS the chunk cue expires (track-dist 0 after len(CHUNK_FLASH) ticks) (0 px)
  PASS reduced motion snaps the fill to raw (40% -> ~96 px, got 95) (95 px)
  PASS unfed pool bar reads RAW exactly (55% -> ~44 of 80 px, got 45 - the app-path twin of the capture contract) (45 px)
  PASS mid-ease pool fill sits at the EASE16-predicted edge (~54 px at phase 4, got 55; raw 44 - a bypass or wrong-slot read fails here) (55 px)
  PASS section-7 premise: standard lane speed is the shipped 850 per-mille (850 px)
  PASS non-involved band recedes (raw 0 / receded 9 px — a desat bypass reads raw) (9 px)
  PASS node accents: involved keeps the full-strength chip glyph (1482 px), non-involved fades it (0 px) (1482 px)
  PASS non-involved rider recedes (raw 0 / receded 25 px of the 5x5 body scan) (25 px)
  PASS involved at-node rider stays saturated (raw 25 / receded 0 px) (25 px)
  PASS non-involved at-node rider recedes (raw 0 / receded 25 px) (25 px)
  PASS mid-ramp band sits at the CRISIS_FADE16-predicted mix (pred 9 / raw 0 / full 0 — a snap-to-full or no-ramp fails here) (9 px)
  PASS reduced motion pins the desat at full (full 9 / mid-ramp 0 px) (9 px)
  PASS dublin: the involved terminal renders as a SPRITE (washed coral 231 px) (231 px)
  PASS dublin: the non-involved terminal renders as a SPRITE (washed sage 209 px) (209 px)
palcheck: all green
INFO: RLSW: Software renderer initialized successfully
