  PASS a11y_reduced         ticks=1400
  PASS warn                 ticks=1500
  PASS boot                 ticks=100
  PASS health_lose          ticks=480
  PASS health_win           ticks=3040
  PASS flow                 ticks=60
  PASS audio_spawn          ticks=600
  PASS a11y_protan          ticks=1400
  PASS qos                  ticks=1500
  PASS juice                ticks=1400
  PASS terminal_types       ticks=640
  PASS a11y_deutan          ticks=1400
  PASS spawn_feel           ticks=320
  PASS forecast_preview     ticks=670
  PASS demolish_node        ticks=100
  PASS surge                ticks=4000
  PASS advance_block_legacy ticks=1400
  PASS advance_fire         ticks=1400
  PASS demolish_bundle      ticks=80
  PASS pause                ticks=2000
  PASS a11y_scale           ticks=1400
  PASS router_ceiling       ticks=80
  PASS era_advance          ticks=1200
  PASS growth               ticks=1800
  PASS ecmp_cost            ticks=40
  PASS motion               ticks=60
  PASS qos_emphasis         ticks=300
  PASS audio                ticks=1400
  PASS qos_manual           ticks=300
  PASS advance_block_sla    ticks=1400
  PASS win                  ticks=60
  PASS router_tiers         ticks=80
  PASS legacy_modernized    ticks=1400
  PASS draw                 ticks=60
  PASS audio_throttle       ticks=80
  PASS bundle               ticks=70
  PASS lose                 ticks=64
  PASS a11y_tritan          ticks=1400
  PASS qos_contention       ticks=240
  PASS qos_auto             ticks=300
  PASS place                ticks=80
  PASS ecmp                 ticks=80
  PASS legacy_decay         ticks=1400
  PASS node_health          ticks=420
  PASS sla                  ticks=240
  PASS estate_surge         ticks=1800
  PASS forecast_shift       ticks=58
  PASS demolish             ticks=80
harness: 48 demo(s) green
INFO: RLSW: Software renderer initialized successfully
