20:05:41 dispatched blind-g2 on w1T:p25N
20:05:41 dispatched edge-g2 on w1T:p25P
20:05:41 dispatched acceptance-g2 on w1T:p25Q
20:05:41 dispatched security-g2 on w1T:p25R
20:05:41 dispatched architecture-g2 on w1T:p25S
20:05:41 dispatched codebase-g2 on w1T:p25T
20:05:41 dispatched tests-g2 on w1T:p25V
20:11:23 dispatched blind-g3 on w1T:p25N
20:11:23 dispatched edge-g3 on w1T:p25P
20:11:23 dispatched acceptance-g3 on w1T:p25Q
20:11:23 dispatched security-g3 on w1T:p25R
20:11:23 dispatched architecture-g3 on w1T:p25S
20:11:23 dispatched codebase-g3 on w1T:p25T
20:11:23 dispatched tests-g3 on w1T:p25V
20:19:45 dispatched blind-g4 on w1T:p25N
20:19:45 dispatched edge-g4 on w1T:p25P
20:19:45 dispatched acceptance-g4 on w1T:p25Q
20:19:45 dispatched security-g4 on w1T:p25R
20:19:45 dispatched architecture-g4 on w1T:p25S
20:19:45 dispatched codebase-g4 on w1T:p25T
20:19:45 dispatched tests-g4 on w1T:p25V
20:27:07 dispatched blind-g5 on w1T:p25N
20:27:07 dispatched edge-g5 on w1T:p25P
20:27:07 dispatched acceptance-g5 on w1T:p25Q
20:27:07 dispatched security-g5 on w1T:p25R
20:27:07 dispatched architecture-g5 on w1T:p25S
20:27:07 dispatched codebase-g5 on w1T:p25T
20:27:07 dispatched tests-g5 on w1T:p25V
20:33:29 dispatched blind-g6 on w1T:p25N
20:33:29 dispatched edge-g6 on w1T:p25P
20:33:29 dispatched acceptance-g6 on w1T:p25Q
20:33:29 dispatched security-g6 on w1T:p25R
20:33:29 dispatched architecture-g6 on w1T:p25S
20:33:29 dispatched codebase-g6 on w1T:p25T
20:33:29 dispatched tests-g6 on w1T:p25V
20:33:29 ALL WAVES DISPATCHED
