[
  {
    "source": "acceptance",
    "severity": "note",
    "category": "documentation",
    "title": "fold-check subcommand missing from usage() help text",
    "location": "harness/main.odin:275",
    "evidence": "fmt.eprintln(\"usage: harness run|save [demo...] [--stats-out <path>] | replay <demo> <log.bin> | drift-check | preview-check | stats-check <demo> | input-parity [save] | palcheck | map-preview <seed> [out.png]\")",
    "detail": "The new `fold-check <prev-hash> <prev-tick1>` verb is added (main.odin:141) and documented in the top-of-file comment, but the runtime usage() string that prints on wrong/no args omits it.",
    "recommended_fix": "Append `| fold-check <prev-hash> <prev-tick1>` to the usage() fmt.eprintln string so the help text lists every subcommand."
  },
  {
    "source": "acceptance",
    "severity": "note",
    "category": "maintainability",
    "title": "campus-half floor hardcodes 10 instead of deriving from the campus entry",
    "location": "core/demand_test.odin:754",
    "evidence": "testing.expectf(t, campus_window_spawns >= 10*WINDOW*95/100,\n\t\t\"the campus half must land: in-window campus spawns %d < %d (10/tick × WINDOW × 0.95)\", campus_window_spawns, 10*WINDOW*95/100)",
    "detail": "N5 derives EXPECTED from `stream_entries * surge.multiplier * WINDOW`, but N3 hardcodes the campus ask as literal `10` (campus vol 1 × multiplier 10). A campus-volume or multiplier re-tune would silently drift this floor (vacuous pass or false fail) — the exact drift class N5/N4 prevent.",
    "recommended_fix": "Derive the campus ask (e.g. campus streaming entry volume × surge.multiplier × WINDOW × 95/100) instead of the literal 10, mirroring the N5 derivation."
  }
]
