[
  {
    "source": "architecture",
    "severity": "note",
    "category": "coverage-gap",
    "title": "fold-check prints the new tick-1 but never asserts it against the blessed manifest",
    "location": "harness/fold_check.odin:64",
    "evidence": "fold_check.odin:64: fmt.printfln(\"fold-check: new tick-1        %016x  (the blessed manifest must match)\", new_tick1) — and the only comparison in the proc is `if spliced_hash == prev_tick1_u {` (line 70). The docstring (lines 12-13) claims: \"FNV's it (the NEW tick-1 — cross-checked against the blessed manifest)\".",
    "detail": "The docstring promises a manifest cross-check the code doesn't perform; a stale blessed golden still passes fold-check, leaving that half to eyeballs.",
    "recommended_fix": "Parse the `1 <hash>` line of goldens/boot.t1 and assert new_tick1 equals it (fail 1 on mismatch), making the gate self-contained."
  },
  {
    "source": "architecture",
    "severity": "note",
    "category": "drift",
    "title": "W9 campus-half floor hardcodes literal 10 while the sibling EXPECTED derives from the catalog",
    "location": "core/demand_test.odin:754",
    "evidence": "demand_test.odin:754: testing.expectf(t, campus_window_spawns >= 10*WINDOW*95/100, vs. line 647: EXPECTED := i64(stream_entries) * i64(surge.multiplier) * i64(WINDOW) // 2×1×10×WINDOW = 20×WINDOW",
    "detail": "10 = campus volume 1 × multiplier 10 today (verified consistent), but a re-tune of either shifts EXPECTED while the campus floor silently stays, mis-flooring the per-role pin.",
    "recommended_fix": "Derive the campus floor the same way: sum campus-source streaming entry volumes × surge.multiplier × WINDOW × 95/100."
  },
  {
    "source": "architecture",
    "severity": "note",
    "category": "fragile-constant",
    "title": "growth_born threshold node_id >= 20 hardcodes the fixture's seeded-node count",
    "location": "core/demand_test.odin:721",
    "evidence": "demand_test.odin:721: if s.topology.node_id[ns] >= 20 { — comment lines 709-711: \"growth must actually ADD to the crowd. Growth nodes have // node_id >= 20 (the fixture spawns 20 nodes first; ids are monotonic, // E11).\"",
    "detail": "Verified correct today (2 routers + 8 hosts + 6 campuses + 4 homes = 20, next_node_id starts 0, never recycled), but any fixture edit silently misclassifies seeded nodes as growth-born.",
    "recommended_fix": "Capture `seeded := u64(s.topology.next_node_id)` right after the 20 spawns and compare node_id >= seeded — boundary derived at source."
  },
  {
    "source": "architecture",
    "severity": "note",
    "category": "docs",
    "title": "usage() string omits the new fold-check verb",
    "location": "harness/main.odin:275",
    "evidence": "main.odin:275: fmt.eprintln(\"usage: harness run|save [demo...] [--stats-out <path>] | replay <demo> <log.bin> | drift-check | preview-check | stats-check <demo> | input-parity [save] | palcheck | map-preview <seed> [out.png]\") — no fold-check token (confirmed by running the binary with no args).",
    "detail": "The CLI's self-documentation wasn't extended with the new subcommand; `harness` bare prints a usage list that hides it.",
    "recommended_fix": "Append `| fold-check <prev-hash> <prev-tick1>` to the usage string in usage()."
  },
  {
    "source": "architecture",
    "severity": "note",
    "category": "duplication",
    "title": "fold_check hand-inlines boot's run setup instead of reusing the harness's single-source-of-truth path",
    "location": "harness/fold_check.odin:45-47",
    "evidence": "fold_check.odin:45-47: pp.run_init(&state, 42, cat.hash, cat.balance.logic_hz) / state.era = 0 / seed_fixture(&state, &cat) — versus run.odin:589-594: \"demo_apply_setup — apply ALL run-setup pieces in one place ... Called identically by run_demo (live) + replay_hashes (replay) — the single-source-of-truth for run setup.\"",
    "detail": "A third hand-rolled copy of run-setup facts (seed 42, era 0, fixture) must now track demos/boot.dem; a boot.dem edit makes the verifier prove a phantom configuration.",
    "recommended_fix": "Reuse load_demo_replay(\"boot\") + demo_apply_setup to rebuild the run, so the verifier derives setup from the demo itself."
  }
]
