[
  {
    "source": "architecture",
    "severity": "note",
    "category": "drift",
    "title": "Campus-half landing floor hardcodes the literal 10 while the total ask is now catalog-derived (N5)",
    "location": "core/demand_test.odin:754",
    "evidence": "EXPECTED := i64(stream_entries) * i64(surge.multiplier) * i64(WINDOW) // 2×1×10×WINDOW = 20×WINDOW\nMIN_LAND := u64(EXPECTED * 95 / 100)\n...\n\ttesting.expectf(t, campus_window_spawns >= 10*WINDOW*95/100,\n\t\t\"the campus half must land: in-window campus spawns %d < %d (10/tick × WINDOW × 0.95)\", campus_window_spawns, 10*WINDOW*95/100)",
    "detail": "N5 derives the total EXPECTED from catalog entries; the campus-half floor keeps a literal 10 (= campus volume 1 × multiplier 10). A future re-tune of campus volume or surge.multiplier silently drifts only this floor — the exact risk N5 was meant to eliminate.",
    "recommended_fix": "Derive the campus ask as campus_entry.volume * surge.multiplier * WINDOW (sum over streaming campus-source entries), then floor at *95/100, mirroring the EXPECTED derivation."
  },
  {
    "source": "architecture",
    "severity": "note",
    "category": "test-quality",
    "title": "palcheck sprite-index checks pass the expected literal as the 'got' value and reuse the 'px' suffix",
    "location": "harness/palcheck.odin:179",
    "evidence": "check :: proc(ok: bool, name: string, n: int) {\n\tif ok {\n\t\tfmt.printfln(\"  PASS %-34s (%d px)\", name, n)\n\t} else {\n\t\tfmt.printfln(\"  FAIL %-34s (%d px)\", name, n)\n\t\tfails += 1\n\t}\n...\n\tcheck(rnd.sprite_index_building(0, .Small_Biz) == 9, \"sprite index: small_biz -> office sprite (9)\", 9)",
    "detail": "The third arg to check() is the measured value for pixel counts, but these four calls pass the EXPECTED literal (4/9/10/0), and check() always appends \"px\". On a 9<->10 swap the FAIL line reads \"(9 px)\", hiding the actual returned index.",
    "recommended_fix": "Pass rnd.sprite_index_building(...) as the third arg and generalize check()'s unit suffix (or add an index-check helper) so failures reveal the actual mapping."
  },
  {
    "source": "architecture",
    "severity": "note",
    "category": "coupling",
    "title": "fold_check hand-rolls boot's run setup, bypassing the harness's single-source-of-truth demo_apply_setup",
    "location": "harness/fold_check.odin:41",
    "evidence": "\t// boot's run setup: seed 42, era 0 (no demand, no growth, no commands —\n\t// the canonical fold-only demo), the fixture.\n\tstate: pp.Run_State\n\tdefer pp.run_destroy(&state)\n\tpp.run_init(&state, 42, cat.hash, cat.balance.logic_hz)\n\tstate.era = 0\n\tseed_fixture(&state, &cat)",
    "detail": "run.odin documents demo_apply_setup as the single source of truth for run setup (\"a new run-setup piece can never drift out of sync\"). fold_check re-derives boot's tick-1 with a hand-rolled setup and never reads boot.dem or boot.t1, so a future boot.dem change silently desyncs the proof.",
    "recommended_fix": "Load boot.dem via load_demo_replay and apply demo_apply_setup, or at minimum assert new_tick1 equals the blessed boot.t1 tick-1 instead of only printing it."
  }
]
