[
  {
    "source": "blind",
    "severity": "warning",
    "category": "consistency",
    "title": "Re-bless scope names qos_manual, but the diff re-blesses qos_auto.t1",
    "location": "goldens/qos_auto.t1:1-2",
    "evidence": "diff --git a/goldens/qos_auto.t1 b/goldens/qos_auto.t1\ndemo qos_auto",
    "detail": "The chunk's stated scope lists qos_manual, but the third file in the diff is qos_auto.t1. Either the wrong golden was re-blessed or qos_manual was omitted, leaving it pinned to the old catalog_hash.",
    "recommended_fix": "Confirm which golden was intended and re-bless the correct file so no golden remains tied to catalog_hash 66c4324a06058860."
  },
  {
    "source": "blind",
    "severity": "note",
    "category": "coverage-gap",
    "title": "catalog_hash change invalidated every tick hash with no accompanying semantic diff",
    "location": "goldens/forecast_preview.t1:6",
    "evidence": "-catalog_hash 66c4324a06058860\n+catalog_hash 17d3baf8c6e1df7f",
    "detail": "All three files flip catalog_hash and 100% of tick hashes. Nothing in the diff shows what catalog change justifies this, so a catalog regression would be silently blessed into the goldens.",
    "recommended_fix": "Include the catalog source change or a change summary with the re-bless so reviewers can verify the new hashes are expected, not a regression."
  }
]
