[
  {
    "source": "blind",
    "severity": "warning",
    "category": "dead-code",
    "title": "Unused import \"core:os\" in the new harness/fold_check.odin",
    "location": "harness/fold_check.odin:import block (new file)",
    "evidence": "import \"core:fmt\"\nimport \"core:os\"\nimport \"core:strconv\"\nimport pp \"../core\"\n\nrun_fold_check :: proc(prev_hash_hex: string, prev_tick1_hex: string) -> i32 {\n\tcat: pp.Catalogs\n\tdefer pp.catalogs_destroy(&cat)\n\tif e := load_catalogs(&cat); e != \"\" {\n\t\tfmt.eprintfln(\"fold-check: %s\", e)\n -- the entire 73-line file (fully shown in the diff) references only fmt.*, strconv.parse_uint, pp.*, and local procs (load_catalogs, seed_fixture); no os.* symbol appears anywhere.",
    "detail": "The brand-new file imports core:os but never uses it — dead import; vet/lint noise at minimum, sloppy in a byte-hygiene PR.",
    "recommended_fix": "Delete `import \"core:os\"` from harness/fold_check.odin; os.exit already lives in main.odin."
  },
  {
    "source": "blind",
    "severity": "warning",
    "category": "test-robustness",
    "title": "W9 campus floor hard-codes 10×WINDOW, contradicting the derived-ask doctrine stated in the same function",
    "location": "core/demand_test.odin:test_w9_surge_lands_under_caps",
    "evidence": "\t// ask = Σ streaming-class entry volumes × the class's surge multiplier ×\n\t// WINDOW — a future re-tune of the surge timing, the multiplier, or the\n\t// streaming entry count cannot silently drift this pin.\n...\n\tEXPECTED := i64(stream_entries) * i64(surge.multiplier) * i64(WINDOW) // 2×1×10×WINDOW = 20×WINDOW\n...\n\ttesting.expectf(t, campus_window_spawns >= 10*WINDOW*95/100,\n\t\t\"the campus half must land: in-window campus spawns %d < %d (10/tick × WINDOW × 0.95)\", campus_window_spawns, 10*WINDOW*95/100)",
    "detail": "The total floor derives volume×multiplier from the catalog; the campus floor hard-codes 10. A campus volume re-tune (1→2) leaves the campus check at half the honest ask — the exact stale-pin failure mode this PR condemns.",
    "recommended_fix": "Derive the campus floor the same way: sum streaming entries with source_role == .Campus, times surge.multiplier × WINDOW × 95/100."
  },
  {
    "source": "blind",
    "severity": "note",
    "category": "claimed-purpose",
    "title": "fold_check claims the new tick-1 is 'cross-checked against the blessed manifest' but only prints it",
    "location": "harness/fold_check.odin:run_fold_check",
    "evidence": "// under the CURRENT catalogs, FNV's it (the NEW tick-1 — cross-checked against\n// the blessed manifest), splices the PREVIOUS hash at the fold position\n...\n\tfmt.printfln(\"fold-check: new tick-1        %016x  (the blessed manifest must match)\", new_tick1)\n\tif spliced_hash == prev_tick1_u {",
    "detail": "Only the spliced hash is compared automatically; new_tick1 is print-only. Half the claimed cross-check relies on the operator eyeballing hex — not a gate.",
    "recommended_fix": "Load the blessed boot manifest's tick-1 (or accept it as a third argument) and fail on mismatch with new_tick1."
  },
  {
    "source": "blind",
    "severity": "note",
    "category": "docs-accuracy",
    "title": "PR body claims era-1 roster count is pinned by test_growth_era_gating; the test never asserts len(r1)",
    "location": "_bmad-output/pr-bodies/5.11.md + core/growth_test.odin:test_growth_era_gating",
    "evidence": "5.11.md: \"pinned by `test_growth_era_gating` (era 1 = 1 type, era 2 = 2, era 3 = 4)\" vs the era-1 block (context, unchanged — no length assertion):\n \tfor ti in r1 {\n \t\ttesting.expectf(t, cat.node_types[ti].kind == .Terminal, \"growth roster must never hold a junction kind (routers are player-placed)\")\n \t\ttesting.expectf(t, cat.node_types[ti].era_introduced <= 1, \"era-1 roster must hold only era-1 types\")\n \t}\n while era 2/3 add:\n+\ttesting.expectf(t, len(r2) == 2 && has_small_biz, \"era-2 roster must hold residential + small_biz, got %d types\", len(r2))\n+\ttesting.expectf(t, len(r3) == 4 && has_campus, \"era-3 roster must hold the full terminal spectrum (residential + small_biz + content_host + campus), got %d types\", len(r3))",
    "detail": "Era-2 and era-3 roster sizes are pinned; era-1's \"1 type\" is claimed in the PR body but unasserted — a roster leak into era 1 would pass.",
    "recommended_fix": "Add testing.expectf(t, len(r1) == 1, ...) to the era-1 block, or drop the \"era 1 = 1 type\" claim from 5.11.md."
  },
  {
    "source": "blind",
    "severity": "note",
    "category": "coverage-gap",
    "title": "W9's 'growth must place the crowd' bite reduced from ≥8 growth-placed hosts to ≥1 growth-born terminal",
    "location": "core/demand_test.odin:test_w9_surge_lands_under_caps",
    "evidence": "-\t\ttesting.expectf(t, hosts >= 8, \"growth must place >= 8 content_hosts by the surge window (got %d) — the aggregation crowd\", hosts)\n+\ttesting.expectf(t, hosts >= 8, \"the aggregation crowd needs >= 8 streaming-capable terminals (content_hosts + campuses; got %d — fixture 14 + growth %d)\", hosts, growth_born)\n+\ttesting.expectf(t, growth_born >= 1, \"growth must actually ADD to the streaming crowd (got %d growth-born streaming terminals) — a growth-dead pass is a regression\", growth_born)",
    "detail": "hosts>=8 is now satisfied at tick 0 by the 14 hand-seeded fixture nodes; growth's own floor is a single node, while the function header still sells \"spread across the growth-born streaming crowd\".",
    "recommended_fix": "Raise the growth_born floor toward the share growth must actually deliver (e.g. >=4), or reword the header's growth-born-crowd claim."
  },
  {
    "source": "blind",
    "severity": "note",
    "category": "docs-accuracy",
    "title": "Docs cite core/catalog.odin:22 for Terminal_Role; the hunk places the enum at line 29",
    "location": "_bmad-output/pr-bodies/5.11.md + _bmad-output/planning-artifacts/sprints/stories-v2.md",
    "evidence": "5.11.md: \"**`Terminal_Role` enum** (`core/catalog.odin:22`)\"; stories-v2.md: \"`Terminal_Role` gains `Small_Biz`/`Campus` (`core/catalog.odin:22`)\" vs the hunk header @@ -19,7 +19,13 @@ whose body counts (4 context + 6 comment lines + enum) put line 22 at the blank line and the enum declaration at new line 29:\n+\t\t\t\t// enum VALUE is the T1-visible byte (ODN-11), adding at the end never shifts\n+\t\t\t\t// an old golden.\n+\t\t\t\tTerminal_Role :: enum u8 { None, Residential, Content_Host, Small_Biz, Campus }",
    "detail": "Both new docs anchor the enum at line 22, which the hunk arithmetic puts at the blank line before the comment block; the enum is line 29.",
    "recommended_fix": "Update both citations to core/catalog.odin:29, or drop the line numbers."
  },
  {
    "source": "blind",
    "severity": "note",
    "category": "consistency",
    "title": "palcheck's new section labeled 1e is inserted above the existing 1d section",
    "location": "harness/palcheck.odin:run_palcheck hunk",
    "evidence": "+\t// 1e. the 5.11 class-analogue sprites (the #65 canon set — Perkins r1 W1):\n+\t// the small_biz + campus shapes must be OBJECTIVELY present in the\n... [entire new block] ... followed immediately by unchanged context:\n \t// 1d. the 7.4 procedural-map palette (canon D9 — the map renders on EVERY",
    "detail": "Section numbering now reads …1c, 1e, 1d — the addition was placed before 1d but numbered after it.",
    "recommended_fix": "Renumber the new block 1d (shifting the map-palette block to 1e), or move the addition below the existing 1d block."
  }
]
