[
  {
    "source": "codebase",
    "severity": "note",
    "category": "maintainability",
    "title": "campus-half floor hardcodes literal 10 instead of deriving from the catalog like N5's total EXPECTED",
    "location": "core/demand_test.odin:754",
    "evidence": "\tEXPECTED := i64(stream_entries) * i64(surge.multiplier) * i64(WINDOW) // 2×1×10×WINDOW = 20×WINDOW\n\tMIN_LAND := u64(EXPECTED * 95 / 100)\n\n\ttesting.expectf(t, campus_window_spawns >= 10*WINDOW*95/100,\n\t\t\"the campus half must land: in-window campus spawns %d < %d (10/tick × WINDOW × 0.95)\", campus_window_spawns, 10*WINDOW*95/100)",
    "detail": "The total EXPECTED (line 647) derives from catalog streaming entries × surge.multiplier × WINDOW, but the campus-half floor hardcodes 10 (= campus vol 1 × multiplier 10). A future re-tune of campus volume or the multiplier silently drifts this floor while the total self-corrects.",
    "recommended_fix": "Derive the campus half like N5: sum streaming entries whose source_role == .Campus, then floor = (sum × surge.multiplier × WINDOW) × 95 / 100."
  },
  {
    "source": "codebase",
    "severity": "note",
    "category": "cli",
    "title": "fold-check subcommand omitted from the runtime usage() string",
    "location": "harness/main.odin:275",
    "evidence": "//   odin run harness -- fold-check <prev-hash> <prev-tick1>\n//                                               r3 N11: prove a re-bless is the catalog fold\n//                                               alone (boot's tick-1 splice; re-runnable gate)\n...\n\tfmt.eprintln(\"usage: harness run|save [demo...] [--stats-out <path>] | replay <demo> <log.bin> | drift-check | preview-check | stats-check <demo> | input-parity [save] | palcheck | map-preview <seed> [out.png]\")",
    "detail": "The new fold-check verb is documented in the header comment (line 22) and fold_check.odin, but the runtime usage() message does not list it, so a user who triggers a usage error for fold-check cannot discover the correct invocation from the printed help.",
    "recommended_fix": "Append `| fold-check <prev-hash> <prev-tick1>` to the usage() eprintln string in harness/main.odin."
  }
]
