[
  {
    "source": "codebase",
    "severity": "note",
    "category": "consistency",
    "title": "campus-half floor hardcodes literal 10 instead of deriving from the campus entry volume × surge multiplier",
    "location": "core/demand_test.odin:754",
    "evidence": "EXPECTED := i64(stream_entries) * i64(surge.multiplier) * i64(WINDOW) // 2×1×10×WINDOW = 20×WINDOW\n\tMIN_LAND := u64(EXPECTED * 95 / 100)\n\t// N3: the campus-half landing floor is QUANTITATIVE, not existence-only —\n\t// the 5.11 flood must land >=95% of the campus entry's ×10 ask.\n\ttesting.expectf(t, campus_window_spawns >= 10*WINDOW*95/100,\n\t\t\"the campus half must land: in-window campus spawns %d < %d (10/tick × WINDOW × 0.95)\", campus_window_spawns, 10*WINDOW*95/100)",
    "detail": "EXPECTED re-derives from the catalog (stream_entries × multiplier × WINDOW), but the campus floor keeps a hardcoded 10 (campus vol 1 × multiplier 10). A future campus-volume or multiplier re-tune silently drifts this floor — the exact drift class N4/N5 eliminated.",
    "recommended_fix": "Derive the campus ask from the campus-source streaming entries' summed volume × surge.multiplier, mirroring the stream_entries derivation for EXPECTED."
  },
  {
    "source": "codebase",
    "severity": "note",
    "category": "dead-code",
    "title": "unused `core:os` import in fold_check.odin",
    "location": "harness/fold_check.odin:19",
    "evidence": "import \"core:fmt\"\nimport \"core:os\"\nimport \"core:strconv\"\nimport pp \"../core\"",
    "detail": "The file never references `os.` — run_fold_check returns an i32 and main.odin performs the os.exit. Odin tolerates the dead import silently (verified by build), so it is pure clutter.",
    "recommended_fix": "Delete the `import \"core:os\"` line from harness/fold_check.odin."
  },
  {
    "source": "codebase",
    "severity": "note",
    "category": "observability",
    "title": "sprite-index palcheck passes the expected index as check()'s `n` (pixel-count) param, hiding the actual value on failure",
    "location": "harness/palcheck.odin:179-182",
    "evidence": "check(rnd.sprite_index_building(0, .Content_Host) == 4, \"sprite index: content_host -> host (4)\", 4)\n\tcheck(rnd.sprite_index_building(0, .Small_Biz) == 9, \"sprite index: small_biz -> office sprite (9)\", 9)\n\tcheck(rnd.sprite_index_building(0, .Campus) == 10, \"sprite index: campus -> campus sprite (10)\", 10)\n\tcheck(rnd.sprite_index_building(0, .Residential) == 0, \"sprite index: residential -> house variant (id%4)\", 0)\n// harness/palcheck.odin:48-52:\n// check :: proc(ok: bool, name: string, n: int) {\n// \tif ok {\n// \t\tfmt.printfln(\"  PASS %-34s (%d px)\", name, n)\n// \t} else {\n// \t\tfmt.printfln(\"  FAIL %-34s (%d px)\", name, n)",
    "detail": "check() prints `n` as a pixel count (`(%d px)`); for the index pins `n` is the hardcoded expected index, not the actual returned index. A genuine 9↔10 swap failure prints the expected value, not the wrong actual, and mislabels it \"px\".",
    "recommended_fix": "Pass the actual `sprite_index_building(...)` return value as `n` (compute into a local), or use a dedicated assertion that prints got-vs-want."
  }
]
