[
  {
    "source": "edge",
    "severity": "note",
    "category": "coupling",
    "title": "N3 campus-half floor hardcodes 10 while N5's EXPECTED derives from surge.multiplier",
    "location": "core/demand_test.odin:754",
    "evidence": "EXPECTED := i64(stream_entries) * i64(surge.multiplier) * i64(WINDOW) // 2×1×10×WINDOW = 20×WINDOW\n\ntesting.expectf(t, campus_window_spawns >= 10*WINDOW*95/100,\n  \"the campus half must land: in-window campus spawns %d < %d (10/tick × WINDOW × 0.95)\", campus_window_spawns, 10*WINDOW*95/100)",
    "detail": "N5's total ask is derived from surge.multiplier + entry volumes, but the campus half uses a literal 10 (campus vol 1 × multiplier 10). A re-tune of the multiplier or campus volume silently drifts this floor — the drift the derivation was meant to prevent.",
    "recommended_fix": "Derive the campus ask (campus entry volume × surge.multiplier × WINDOW × 95/100) rather than the literal 10."
  },
  {
    "source": "edge",
    "severity": "note",
    "category": "coverage-gap",
    "title": "fold-check prints new_tick1 but never compares it to the blessed manifest despite the comment claiming a cross-check",
    "location": "harness/fold_check.odin:55",
    "evidence": "// under the CURRENT catalogs, FNV's it (the NEW tick-1 — cross-checked against\n// the blessed manifest), splices the PREVIOUS hash at the fold position\n\nnew_tick1 := pp.fnv1a64(dump)\n\nfmt.printfln(\"fold-check: new tick-1        %016x  (the blessed manifest must match)\", new_tick1)\n\nif spliced_hash == prev_tick1_u {",
    "detail": "The only gate is spliced_hash == prev_tick1. new_tick1 is printed, never compared to the blessed boot.t1 tick-1; a stale/hand-edited blessed manifest passes fold-check undetected (the run/replay gate covers it, but the comment overclaims).",
    "recommended_fix": "Either compare new_tick1 to the parsed blessed boot.t1 tick-1 and fail on mismatch, or drop the 'cross-checked' wording from the comment."
  },
  {
    "source": "edge",
    "severity": "note",
    "category": "boundary",
    "title": "N4 derives SURGE_AT from set_pieces[0] by position, unguarded and assuming the surge is first",
    "location": "core/demand_test.odin:447",
    "evidence": "surge := &cat.demand.eras[2].set_pieces[0]\nSURGE_AT := u64(surge.start_tick)",
    "detail": "Indexing [0] without a length guard panics on an empty set_pieces list, and if era 3 gains a set-piece before the streaming surge, the test silently mis-windows — contradicting the comment's 'must not silently mis-window' intent.",
    "recommended_fix": "Select the set-piece by id (e.g. find the entry with class 'streaming' or id 'streaming_surge') instead of indexing [0]."
  }
]
