[
  {
    "source": "edge",
    "severity": "note",
    "category": "coupling",
    "title": "Campus-half floor hardcodes 10 while the sibling total floor is catalog-derived",
    "location": "core/demand_test.odin:754",
    "evidence": "EXPECTED := i64(stream_entries) * i64(surge.multiplier) * i64(WINDOW) // 2×1×10×WINDOW = 20×WINDOW\n\tMIN_LAND := u64(EXPECTED * 95 / 100)\n...\n\ttesting.expectf(t, campus_window_spawns >= 10*WINDOW*95/100,\n\t\t\"the campus half must land: in-window campus spawns %d < %d (10/tick × WINDOW × 0.95)\", campus_window_spawns, 10*WINDOW*95/100)",
    "detail": "N5 derives the total ask from the catalog, but N3 restates the campus entry's volume×multiplier as a literal 10. A re-tune of campus volume or the multiplier silently drifts this floor while EXPECTED auto-adjusts.",
    "recommended_fix": "Derive the campus floor from the campus entry's volume × surge.multiplier × WINDOW, mirroring the N5 derivation."
  },
  {
    "source": "edge",
    "severity": "note",
    "category": "boundary",
    "title": "SURGE_AT derives only start_tick; in_surge has no upper bound",
    "location": "core/demand_test.odin:448",
    "evidence": "\tsurge := &cat.demand.eras[2].set_pieces[0]\n\tSURGE_AT := u64(surge.start_tick)\n\tfor tick in u64(1)..=W {\n\t\tstep(&s, tick, {}, cat)\n\t\tin_surge := tick >= SURGE_AT",
    "detail": "The base/surge split uses only start_tick; duration_ticks is ignored. If the set-piece duration is re-tuned below W - SURGE_AT, post-surge ticks are misclassified as surge, silently corrupting the base-vs-surge spectrum pins.",
    "recommended_fix": "Bound in_surge by both surge.start_tick and surge.start_tick + surge.duration_ticks."
  },
  {
    "source": "edge",
    "severity": "note",
    "category": "coverage-gap",
    "title": "fold-check claims to cross-check new_tick1 against the blessed manifest but only prints it",
    "location": "harness/fold_check.odin:64",
    "evidence": "// under the CURRENT catalogs, FNV's it (the NEW tick-1 — cross-checked against\n// the blessed manifest), splices the PREVIOUS hash at the fold position\n...\n\tfmt.printfln(\"fold-check: new tick-1        %016x  (the blessed manifest must match)\", new_tick1)\n...\n\tif spliced_hash == prev_tick1_u {\n\t\tfmt.println(\"fold-check: PASS — the tick-1 shift is the catalog fold alone (bytes 33..40)\")\n\t\treturn 0\n\t}",
    "detail": "PASS depends solely on spliced_hash == prev_tick1_u; new_tick1 is never compared to the blessed boot tick-1. A boot golden whose tick-1 diverges from current code passes this gate despite the header's 'cross-checked' claim.",
    "recommended_fix": "Accept the current blessed tick-1 as an argument (or read boot.t1) and assert new_tick1 equals it before returning PASS."
  }
]
