[
  {
    "source": "edge",
    "severity": "note",
    "category": "coverage-gap",
    "title": "fold-check computes new_tick1 but never cross-checks it against the blessed manifest, contradicting its own header doc",
    "location": "harness/fold_check.odin:55-68",
    "evidence": "// under the CURRENT catalogs, FNV's it (the NEW tick-1 — cross-checked against\n// the blessed manifest), splices the PREVIOUS hash at the fold position\n...\n\tfmt.printfln(\"fold-check: new tick-1        %016x  (the blessed manifest must match)\", new_tick1)\n...\n\tif spliced_hash == prev_tick1_u {\n\t\tfmt.println(\"fold-check: PASS — the tick-1 shift is the catalog fold alone (bytes 33..40)\")\n\t\treturn 0\n\t}",
    "detail": "new_tick1 is only printed; the PASS/FAIL decision depends solely on spliced_hash == prev_tick1_u. A boot.t1 whose tick-1 was mis-blessed (doesn't match the code) still passes fold-check.",
    "recommended_fix": "Read goldens/boot.t1 and compare its tick-1 to new_tick1; return 1 on mismatch, or drop the 'cross-checked' claim from the doc."
  },
  {
    "source": "edge",
    "severity": "note",
    "category": "coupling",
    "title": "W9 campus-half floor hardcodes 10 (campus volume 1 × multiplier 10) instead of deriving it like the N5 EXPECTED",
    "location": "core/demand_test.odin:754-755",
    "evidence": "\ttesting.expectf(t, campus_window_spawns >= 10*WINDOW*95/100,\n\t\t\"the campus half must land: in-window campus spawns %d < %d (10/tick × WINDOW × 0.95)\", campus_window_spawns, 10*WINDOW*95/100)",
    "detail": "EXPECTED is derived (stream_entries × surge.multiplier × WINDOW), but the campus floor bakes the campus entry's volume (1) and multiplier (10) into a literal. A campus-volume re-tune to 2 would silently weaken the floor to ~47.5% of the ask.",
    "recommended_fix": "Derive the campus floor from the campus entry's volume × surge.multiplier × WINDOW × 95/100, mirroring the N5 EXPECTED derivation."
  },
  {
    "source": "edge",
    "severity": "note",
    "category": "boundary",
    "title": "fold-check parse_uint silently wraps on hex inputs longer than 16 digits (no length/overflow validation)",
    "location": "harness/fold_check.odin:32-33",
    "evidence": "\tprev_hash_raw, okh := strconv.parse_uint(prev_hash_hex, 16) // uint in this Odin\n\tprev_tick1_raw, okt := strconv.parse_uint(prev_tick1_hex, 16)",
    "detail": "Odin's parse_u64_of_base does value *= u64(base); value += v with wrapping u64 arithmetic and ok = len(s) == 0, so a >16-hex-digit arg truncates silently instead of being rejected (exit 2 only fires on non-hex chars).",
    "recommended_fix": "Reject inputs with len(prev_hash_hex) > 16 or len(prev_tick1_hex) > 16 before parsing, or check the round-tripped value."
  }
]
