[
  {
    "source": "edge",
    "severity": "note",
    "category": "coupling",
    "title": "Campus-half landing floor hardcodes the ×10 (campus vol × surge multiplier) instead of deriving it, unlike EXPECTED",
    "location": "core/demand_test.odin:754-755",
    "evidence": "testing.expectf(t, campus_window_spawns >= 10*WINDOW*95/100,\n\t\t\"the campus half must land: in-window campus spawns %d < %d (10/tick × WINDOW × 0.95)\", campus_window_spawns, 10*WINDOW*95/100)\n\nEXPECTED := i64(stream_entries) * i64(surge.multiplier) * i64(WINDOW) // 2×1×10×WINDOW = 20×WINDOW",
    "detail": "N5 derives the total ask from the catalog (Σ streaming volumes × multiplier × WINDOW), but N3's campus-half floor hardcodes the literal 10 (= campus vol 1 × surge multiplier 10). A re-tune of campus volume or surge.multiplier silently drifts the campus-half floor while EXPECTED self-adjusts.",
    "recommended_fix": "Derive the campus floor like EXPECTED: sum the campus-source streaming entry volumes, then multiply by surge.multiplier × WINDOW × 95/100 instead of the literal 10."
  },
  {
    "source": "edge",
    "severity": "note",
    "category": "coverage-gap",
    "title": "runtime usage() help text omits the new fold-check verb",
    "location": "harness/main.odin:275",
    "evidence": "fmt.eprintln(\"usage: harness run|save [demo...] [--stats-out <path>] | replay <demo> <log.bin> | drift-check | preview-check | stats-check <demo> | input-parity [save] | palcheck | map-preview <seed> [out.png]\")",
    "detail": "The header comment (main.odin:22) and the dispatch (main.odin:142) add `fold-check`, but the usage() string reached on a wrong-arg invocation does not list it, so a misuse prints misleading help.",
    "recommended_fix": "Append `| fold-check <prev-hash> <prev-tick1>` to the usage() eprintln string."
  }
]
